---
source: tests/snapshots.rs
---
[
    Pair {
        rule: file,
        span: Span {
            str: "VERSION \"\"\n\n\nNS_:\n\nBS_:\n\nBU_:\n",
            start: 0,
            end: 30,
        },
        inner: [
            Pair {
                rule: line,
                span: Span {
                    str: "VERSION \"\"",
                    start: 0,
                    end: 10,
                },
                inner: [
                    Pair {
                        rule: version,
                        span: Span {
                            str: "VERSION \"\"",
                            start: 0,
                            end: 10,
                        },
                        inner: [
                            Pair {
                                rule: string,
                                span: Span {
                                    str: "\"\"",
                                    start: 8,
                                    end: 10,
                                },
                                inner: [],
                            },
                        ],
                    },
                ],
            },
            Pair {
                rule: line,
                span: Span {
                    str: "\n",
                    start: 10,
                    end: 11,
                },
                inner: [],
            },
            Pair {
                rule: line,
                span: Span {
                    str: "\n",
                    start: 11,
                    end: 12,
                },
                inner: [],
            },
            Pair {
                rule: line,
                span: Span {
                    str: "\n",
                    start: 12,
                    end: 13,
                },
                inner: [],
            },
            Pair {
                rule: line,
                span: Span {
                    str: "NS_:",
                    start: 13,
                    end: 17,
                },
                inner: [
                    Pair {
                        rule: new_symbols,
                        span: Span {
                            str: "NS_:",
                            start: 13,
                            end: 17,
                        },
                        inner: [],
                    },
                ],
            },
            Pair {
                rule: line,
                span: Span {
                    str: "\n",
                    start: 17,
                    end: 18,
                },
                inner: [],
            },
            Pair {
                rule: line,
                span: Span {
                    str: "\n",
                    start: 18,
                    end: 19,
                },
                inner: [],
            },
            Pair {
                rule: line,
                span: Span {
                    str: "BS_:",
                    start: 19,
                    end: 23,
                },
                inner: [
                    Pair {
                        rule: bit_timing,
                        span: Span {
                            str: "BS_:",
                            start: 19,
                            end: 23,
                        },
                        inner: [],
                    },
                ],
            },
            Pair {
                rule: line,
                span: Span {
                    str: "\n",
                    start: 23,
                    end: 24,
                },
                inner: [],
            },
            Pair {
                rule: line,
                span: Span {
                    str: "\n",
                    start: 24,
                    end: 25,
                },
                inner: [],
            },
            Pair {
                rule: line,
                span: Span {
                    str: "BU_:",
                    start: 25,
                    end: 29,
                },
                inner: [
                    Pair {
                        rule: nodes,
                        span: Span {
                            str: "BU_:",
                            start: 25,
                            end: 29,
                        },
                        inner: [],
                    },
                ],
            },
            Pair {
                rule: line,
                span: Span {
                    str: "\n",
                    start: 29,
                    end: 30,
                },
                inner: [],
            },
            Pair {
                rule: EOI,
                span: Span {
                    str: "",
                    start: 30,
                    end: 30,
                },
                inner: [],
            },
        ],
    },
]
