---
source: tests/snapshots.rs
---
[
    Pair {
        rule: file,
        span: Span {
            str: "VERSION \"\"\n\n\nNS_ : \n\tNS_DESC_\n\tCM_\n\tBA_DEF_\n\tBA_\n\tVAL_\n\tCAT_DEF_\n\tCAT_\n\tFILTER\n\tBA_DEF_DEF_\n\tEV_DATA_\n\tENVVAR_DATA_\n\tSGTYPE_\n\tSGTYPE_VAL_\n\tBA_DEF_SGTYPE_\n\tBA_SGTYPE_\n\tSIG_TYPE_REF_\n\tVAL_TABLE_\n\tSIG_GROUP_\n\tSIG_VALTYPE_\n\tSIGTYPE_VALTYPE_\n\tBO_TX_BU_\n\tBA_DEF_REL_\n\tBA_REL_\n\tBA_DEF_DEF_REL_\n\tBU_SG_REL_\n\tBU_EV_REL_\n\tBU_BO_REL_\n\tSG_MUL_VAL_\n\nBS_:\n\nBU_:\n\n\nBO_ 1 myMsg: 8 Vector__XXX\n SG_ myExtraSigWithPlus : 8|8@1- (1,-128) [-128|+127] \"\" Vector__XXX\n SG_ myNormalSig : 0|8@1- (1,-128) [-128|127] \"\" Vector__XXX\n\n\n\nBA_DEF_  \"BusType\" STRING ;\nBA_DEF_DEF_  \"BusType\" \"CAN\";\n\n",
            start: 0,
            end: 569,
        },
        inner: [
            Pair {
                rule: line,
                span: Span {
                    str: "VERSION \"\"",
                    start: 0,
                    end: 10,
                },
                inner: [
                    Pair {
                        rule: version,
                        span: Span {
                            str: "VERSION \"\"",
                            start: 0,
                            end: 10,
                        },
                        inner: [
                            Pair {
                                rule: string,
                                span: Span {
                                    str: "\"\"",
                                    start: 8,
                                    end: 10,
                                },
                                inner: [],
                            },
                        ],
                    },
                ],
            },
            Pair {
                rule: line,
                span: Span {
                    str: "\n",
                    start: 10,
                    end: 11,
                },
                inner: [],
            },
            Pair {
                rule: line,
                span: Span {
                    str: "\n",
                    start: 11,
                    end: 12,
                },
                inner: [],
            },
            Pair {
                rule: line,
                span: Span {
                    str: "\n",
                    start: 12,
                    end: 13,
                },
                inner: [],
            },
            Pair {
                rule: line,
                span: Span {
                    str: "NS_ : ",
                    start: 13,
                    end: 19,
                },
                inner: [
                    Pair {
                        rule: new_symbols,
                        span: Span {
                            str: "NS_ : ",
                            start: 13,
                            end: 19,
                        },
                        inner: [],
                    },
                ],
            },
            Pair {
                rule: line,
                span: Span {
                    str: "\n",
                    start: 19,
                    end: 20,
                },
                inner: [],
            },
            Pair {
                rule: line,
                span: Span {
                    str: "NS_DESC_\n",
                    start: 21,
                    end: 30,
                },
                inner: [
                    Pair {
                        rule: extended_identifier,
                        span: Span {
                            str: "NS_DESC_",
                            start: 21,
                            end: 29,
                        },
                        inner: [],
                    },
                ],
            },
            Pair {
                rule: line,
                span: Span {
                    str: "CM_\n",
                    start: 31,
                    end: 35,
                },
                inner: [
                    Pair {
                        rule: extended_identifier,
                        span: Span {
                            str: "CM_",
                            start: 31,
                            end: 34,
                        },
                        inner: [],
                    },
                ],
            },
            Pair {
                rule: line,
                span: Span {
                    str: "BA_DEF_\n",
                    start: 36,
                    end: 44,
                },
                inner: [
                    Pair {
                        rule: extended_identifier,
                        span: Span {
                            str: "BA_DEF_",
                            start: 36,
                            end: 43,
                        },
                        inner: [],
                    },
                ],
            },
            Pair {
                rule: line,
                span: Span {
                    str: "BA_\n",
                    start: 45,
                    end: 49,
                },
                inner: [
                    Pair {
                        rule: extended_identifier,
                        span: Span {
                            str: "BA_",
                            start: 45,
                            end: 48,
                        },
                        inner: [],
                    },
                ],
            },
            Pair {
                rule: line,
                span: Span {
                    str: "VAL_\n",
                    start: 50,
                    end: 55,
                },
                inner: [
                    Pair {
                        rule: extended_identifier,
                        span: Span {
                            str: "VAL_",
                            start: 50,
                            end: 54,
                        },
                        inner: [],
                    },
                ],
            },
            Pair {
                rule: line,
                span: Span {
                    str: "CAT_DEF_\n",
                    start: 56,
                    end: 65,
                },
                inner: [
                    Pair {
                        rule: extended_identifier,
                        span: Span {
                            str: "CAT_DEF_",
                            start: 56,
                            end: 64,
                        },
                        inner: [],
                    },
                ],
            },
            Pair {
                rule: line,
                span: Span {
                    str: "CAT_\n",
                    start: 66,
                    end: 71,
                },
                inner: [
                    Pair {
                        rule: extended_identifier,
                        span: Span {
                            str: "CAT_",
                            start: 66,
                            end: 70,
                        },
                        inner: [],
                    },
                ],
            },
            Pair {
                rule: line,
                span: Span {
                    str: "FILTER\n",
                    start: 72,
                    end: 79,
                },
                inner: [
                    Pair {
                        rule: extended_identifier,
                        span: Span {
                            str: "FILTER",
                            start: 72,
                            end: 78,
                        },
                        inner: [],
                    },
                ],
            },
            Pair {
                rule: line,
                span: Span {
                    str: "BA_DEF_DEF_\n",
                    start: 80,
                    end: 92,
                },
                inner: [
                    Pair {
                        rule: extended_identifier,
                        span: Span {
                            str: "BA_DEF_DEF_",
                            start: 80,
                            end: 91,
                        },
                        inner: [],
                    },
                ],
            },
            Pair {
                rule: line,
                span: Span {
                    str: "EV_DATA_\n",
                    start: 93,
                    end: 102,
                },
                inner: [
                    Pair {
                        rule: extended_identifier,
                        span: Span {
                            str: "EV_DATA_",
                            start: 93,
                            end: 101,
                        },
                        inner: [],
                    },
                ],
            },
            Pair {
                rule: line,
                span: Span {
                    str: "ENVVAR_DATA_\n",
                    start: 103,
                    end: 116,
                },
                inner: [
                    Pair {
                        rule: extended_identifier,
                        span: Span {
                            str: "ENVVAR_DATA_",
                            start: 103,
                            end: 115,
                        },
                        inner: [],
                    },
                ],
            },
            Pair {
                rule: line,
                span: Span {
                    str: "SGTYPE_\n",
                    start: 117,
                    end: 125,
                },
                inner: [
                    Pair {
                        rule: extended_identifier,
                        span: Span {
                            str: "SGTYPE_",
                            start: 117,
                            end: 124,
                        },
                        inner: [],
                    },
                ],
            },
            Pair {
                rule: line,
                span: Span {
                    str: "SGTYPE_VAL_\n",
                    start: 126,
                    end: 138,
                },
                inner: [
                    Pair {
                        rule: extended_identifier,
                        span: Span {
                            str: "SGTYPE_VAL_",
                            start: 126,
                            end: 137,
                        },
                        inner: [],
                    },
                ],
            },
            Pair {
                rule: line,
                span: Span {
                    str: "BA_DEF_SGTYPE_\n",
                    start: 139,
                    end: 154,
                },
                inner: [
                    Pair {
                        rule: extended_identifier,
                        span: Span {
                            str: "BA_DEF_SGTYPE_",
                            start: 139,
                            end: 153,
                        },
                        inner: [],
                    },
                ],
            },
            Pair {
                rule: line,
                span: Span {
                    str: "BA_SGTYPE_\n",
                    start: 155,
                    end: 166,
                },
                inner: [
                    Pair {
                        rule: extended_identifier,
                        span: Span {
                            str: "BA_SGTYPE_",
                            start: 155,
                            end: 165,
                        },
                        inner: [],
                    },
                ],
            },
            Pair {
                rule: line,
                span: Span {
                    str: "SIG_TYPE_REF_\n",
                    start: 167,
                    end: 181,
                },
                inner: [
                    Pair {
                        rule: extended_identifier,
                        span: Span {
                            str: "SIG_TYPE_REF_",
                            start: 167,
                            end: 180,
                        },
                        inner: [],
                    },
                ],
            },
            Pair {
                rule: line,
                span: Span {
                    str: "VAL_TABLE_\n",
                    start: 182,
                    end: 193,
                },
                inner: [
                    Pair {
                        rule: extended_identifier,
                        span: Span {
                            str: "VAL_TABLE_",
                            start: 182,
                            end: 192,
                        },
                        inner: [],
                    },
                ],
            },
            Pair {
                rule: line,
                span: Span {
                    str: "SIG_GROUP_\n",
                    start: 194,
                    end: 205,
                },
                inner: [
                    Pair {
                        rule: extended_identifier,
                        span: Span {
                            str: "SIG_GROUP_",
                            start: 194,
                            end: 204,
                        },
                        inner: [],
                    },
                ],
            },
            Pair {
                rule: line,
                span: Span {
                    str: "SIG_VALTYPE_\n",
                    start: 206,
                    end: 219,
                },
                inner: [
                    Pair {
                        rule: extended_identifier,
                        span: Span {
                            str: "SIG_VALTYPE_",
                            start: 206,
                            end: 218,
                        },
                        inner: [],
                    },
                ],
            },
            Pair {
                rule: line,
                span: Span {
                    str: "SIGTYPE_VALTYPE_\n",
                    start: 220,
                    end: 237,
                },
                inner: [
                    Pair {
                        rule: extended_identifier,
                        span: Span {
                            str: "SIGTYPE_VALTYPE_",
                            start: 220,
                            end: 236,
                        },
                        inner: [],
                    },
                ],
            },
            Pair {
                rule: line,
                span: Span {
                    str: "BO_TX_BU_\n",
                    start: 238,
                    end: 248,
                },
                inner: [
                    Pair {
                        rule: extended_identifier,
                        span: Span {
                            str: "BO_TX_BU_",
                            start: 238,
                            end: 247,
                        },
                        inner: [],
                    },
                ],
            },
            Pair {
                rule: line,
                span: Span {
                    str: "BA_DEF_REL_\n",
                    start: 249,
                    end: 261,
                },
                inner: [
                    Pair {
                        rule: extended_identifier,
                        span: Span {
                            str: "BA_DEF_REL_",
                            start: 249,
                            end: 260,
                        },
                        inner: [],
                    },
                ],
            },
            Pair {
                rule: line,
                span: Span {
                    str: "BA_REL_\n",
                    start: 262,
                    end: 270,
                },
                inner: [
                    Pair {
                        rule: extended_identifier,
                        span: Span {
                            str: "BA_REL_",
                            start: 262,
                            end: 269,
                        },
                        inner: [],
                    },
                ],
            },
            Pair {
                rule: line,
                span: Span {
                    str: "BA_DEF_DEF_REL_\n",
                    start: 271,
                    end: 287,
                },
                inner: [
                    Pair {
                        rule: extended_identifier,
                        span: Span {
                            str: "BA_DEF_DEF_REL_",
                            start: 271,
                            end: 286,
                        },
                        inner: [],
                    },
                ],
            },
            Pair {
                rule: line,
                span: Span {
                    str: "BU_SG_REL_\n",
                    start: 288,
                    end: 299,
                },
                inner: [
                    Pair {
                        rule: extended_identifier,
                        span: Span {
                            str: "BU_SG_REL_",
                            start: 288,
                            end: 298,
                        },
                        inner: [],
                    },
                ],
            },
            Pair {
                rule: line,
                span: Span {
                    str: "BU_EV_REL_\n",
                    start: 300,
                    end: 311,
                },
                inner: [
                    Pair {
                        rule: extended_identifier,
                        span: Span {
                            str: "BU_EV_REL_",
                            start: 300,
                            end: 310,
                        },
                        inner: [],
                    },
                ],
            },
            Pair {
                rule: line,
                span: Span {
                    str: "BU_BO_REL_\n",
                    start: 312,
                    end: 323,
                },
                inner: [
                    Pair {
                        rule: extended_identifier,
                        span: Span {
                            str: "BU_BO_REL_",
                            start: 312,
                            end: 322,
                        },
                        inner: [],
                    },
                ],
            },
            Pair {
                rule: line,
                span: Span {
                    str: "SG_MUL_VAL_\n",
                    start: 324,
                    end: 336,
                },
                inner: [
                    Pair {
                        rule: extended_identifier,
                        span: Span {
                            str: "SG_MUL_VAL_",
                            start: 324,
                            end: 335,
                        },
                        inner: [],
                    },
                ],
            },
            Pair {
                rule: line,
                span: Span {
                    str: "\n",
                    start: 336,
                    end: 337,
                },
                inner: [],
            },
            Pair {
                rule: line,
                span: Span {
                    str: "BS_:",
                    start: 337,
                    end: 341,
                },
                inner: [
                    Pair {
                        rule: bit_timing,
                        span: Span {
                            str: "BS_:",
                            start: 337,
                            end: 341,
                        },
                        inner: [],
                    },
                ],
            },
            Pair {
                rule: line,
                span: Span {
                    str: "\n",
                    start: 341,
                    end: 342,
                },
                inner: [],
            },
            Pair {
                rule: line,
                span: Span {
                    str: "\n",
                    start: 342,
                    end: 343,
                },
                inner: [],
            },
            Pair {
                rule: line,
                span: Span {
                    str: "BU_:",
                    start: 343,
                    end: 347,
                },
                inner: [
                    Pair {
                        rule: nodes,
                        span: Span {
                            str: "BU_:",
                            start: 343,
                            end: 347,
                        },
                        inner: [],
                    },
                ],
            },
            Pair {
                rule: line,
                span: Span {
                    str: "\n",
                    start: 347,
                    end: 348,
                },
                inner: [],
            },
            Pair {
                rule: line,
                span: Span {
                    str: "\n",
                    start: 348,
                    end: 349,
                },
                inner: [],
            },
            Pair {
                rule: line,
                span: Span {
                    str: "\n",
                    start: 349,
                    end: 350,
                },
                inner: [],
            },
            Pair {
                rule: line,
                span: Span {
                    str: "BO_ 1 myMsg: 8 Vector__XXX",
                    start: 350,
                    end: 376,
                },
                inner: [
                    Pair {
                        rule: message,
                        span: Span {
                            str: "BO_ 1 myMsg: 8 Vector__XXX",
                            start: 350,
                            end: 376,
                        },
                        inner: [
                            Pair {
                                rule: integer,
                                span: Span {
                                    str: "1",
                                    start: 354,
                                    end: 355,
                                },
                                inner: [],
                            },
                            Pair {
                                rule: identifier,
                                span: Span {
                                    str: "myMsg",
                                    start: 356,
                                    end: 361,
                                },
                                inner: [],
                            },
                            Pair {
                                rule: integer,
                                span: Span {
                                    str: "8",
                                    start: 363,
                                    end: 364,
                                },
                                inner: [],
                            },
                            Pair {
                                rule: identifier,
                                span: Span {
                                    str: "Vector__XXX",
                                    start: 365,
                                    end: 376,
                                },
                                inner: [],
                            },
                        ],
                    },
                ],
            },
            Pair {
                rule: line,
                span: Span {
                    str: "\n",
                    start: 376,
                    end: 377,
                },
                inner: [],
            },
            Pair {
                rule: line,
                span: Span {
                    str: "SG_ myExtraSigWithPlus : 8|8@1- (1,-128) [-128|+127] \"\" Vector__XXX",
                    start: 378,
                    end: 445,
                },
                inner: [
                    Pair {
                        rule: signal,
                        span: Span {
                            str: "SG_ myExtraSigWithPlus : 8|8@1- (1,-128) [-128|+127] \"\" Vector__XXX",
                            start: 378,
                            end: 445,
                        },
                        inner: [
                            Pair {
                                rule: identifier,
                                span: Span {
                                    str: "myExtraSigWithPlus",
                                    start: 382,
                                    end: 400,
                                },
                                inner: [],
                            },
                            Pair {
                                rule: integer,
                                span: Span {
                                    str: "8",
                                    start: 403,
                                    end: 404,
                                },
                                inner: [],
                            },
                            Pair {
                                rule: integer,
                                span: Span {
                                    str: "8",
                                    start: 405,
                                    end: 406,
                                },
                                inner: [],
                            },
                            Pair {
                                rule: integer,
                                span: Span {
                                    str: "1",
                                    start: 407,
                                    end: 408,
                                },
                                inner: [],
                            },
                            Pair {
                                rule: number,
                                span: Span {
                                    str: "1",
                                    start: 411,
                                    end: 412,
                                },
                                inner: [],
                            },
                            Pair {
                                rule: number,
                                span: Span {
                                    str: "-128",
                                    start: 413,
                                    end: 417,
                                },
                                inner: [],
                            },
                            Pair {
                                rule: number,
                                span: Span {
                                    str: "-128",
                                    start: 420,
                                    end: 424,
                                },
                                inner: [],
                            },
                            Pair {
                                rule: number,
                                span: Span {
                                    str: "+127",
                                    start: 425,
                                    end: 429,
                                },
                                inner: [],
                            },
                            Pair {
                                rule: string,
                                span: Span {
                                    str: "\"\"",
                                    start: 431,
                                    end: 433,
                                },
                                inner: [],
                            },
                            Pair {
                                rule: identifier,
                                span: Span {
                                    str: "Vector__XXX",
                                    start: 434,
                                    end: 445,
                                },
                                inner: [],
                            },
                        ],
                    },
                ],
            },
            Pair {
                rule: line,
                span: Span {
                    str: "\n",
                    start: 445,
                    end: 446,
                },
                inner: [],
            },
            Pair {
                rule: line,
                span: Span {
                    str: "SG_ myNormalSig : 0|8@1- (1,-128) [-128|127] \"\" Vector__XXX",
                    start: 447,
                    end: 506,
                },
                inner: [
                    Pair {
                        rule: signal,
                        span: Span {
                            str: "SG_ myNormalSig : 0|8@1- (1,-128) [-128|127] \"\" Vector__XXX",
                            start: 447,
                            end: 506,
                        },
                        inner: [
                            Pair {
                                rule: identifier,
                                span: Span {
                                    str: "myNormalSig",
                                    start: 451,
                                    end: 462,
                                },
                                inner: [],
                            },
                            Pair {
                                rule: integer,
                                span: Span {
                                    str: "0",
                                    start: 465,
                                    end: 466,
                                },
                                inner: [],
                            },
                            Pair {
                                rule: integer,
                                span: Span {
                                    str: "8",
                                    start: 467,
                                    end: 468,
                                },
                                inner: [],
                            },
                            Pair {
                                rule: integer,
                                span: Span {
                                    str: "1",
                                    start: 469,
                                    end: 470,
                                },
                                inner: [],
                            },
                            Pair {
                                rule: number,
                                span: Span {
                                    str: "1",
                                    start: 473,
                                    end: 474,
                                },
                                inner: [],
                            },
                            Pair {
                                rule: number,
                                span: Span {
                                    str: "-128",
                                    start: 475,
                                    end: 479,
                                },
                                inner: [],
                            },
                            Pair {
                                rule: number,
                                span: Span {
                                    str: "-128",
                                    start: 482,
                                    end: 486,
                                },
                                inner: [],
                            },
                            Pair {
                                rule: number,
                                span: Span {
                                    str: "127",
                                    start: 487,
                                    end: 490,
                                },
                                inner: [],
                            },
                            Pair {
                                rule: string,
                                span: Span {
                                    str: "\"\"",
                                    start: 492,
                                    end: 494,
                                },
                                inner: [],
                            },
                            Pair {
                                rule: identifier,
                                span: Span {
                                    str: "Vector__XXX",
                                    start: 495,
                                    end: 506,
                                },
                                inner: [],
                            },
                        ],
                    },
                ],
            },
            Pair {
                rule: line,
                span: Span {
                    str: "\n",
                    start: 506,
                    end: 507,
                },
                inner: [],
            },
            Pair {
                rule: line,
                span: Span {
                    str: "\n",
                    start: 507,
                    end: 508,
                },
                inner: [],
            },
            Pair {
                rule: line,
                span: Span {
                    str: "\n",
                    start: 508,
                    end: 509,
                },
                inner: [],
            },
            Pair {
                rule: line,
                span: Span {
                    str: "\n",
                    start: 509,
                    end: 510,
                },
                inner: [],
            },
            Pair {
                rule: line,
                span: Span {
                    str: "BA_DEF_  \"BusType\" STRING ;",
                    start: 510,
                    end: 537,
                },
                inner: [
                    Pair {
                        rule: attr_def,
                        span: Span {
                            str: "BA_DEF_  \"BusType\" STRING ;",
                            start: 510,
                            end: 537,
                        },
                        inner: [
                            Pair {
                                rule: string,
                                span: Span {
                                    str: "\"BusType\"",
                                    start: 519,
                                    end: 528,
                                },
                                inner: [],
                            },
                        ],
                    },
                ],
            },
            Pair {
                rule: line,
                span: Span {
                    str: "\n",
                    start: 537,
                    end: 538,
                },
                inner: [],
            },
            Pair {
                rule: line,
                span: Span {
                    str: "BA_DEF_DEF_  \"BusType\" \"CAN\";",
                    start: 538,
                    end: 567,
                },
                inner: [
                    Pair {
                        rule: ba_def_def,
                        span: Span {
                            str: "BA_DEF_DEF_  \"BusType\" \"CAN\";",
                            start: 538,
                            end: 567,
                        },
                        inner: [
                            Pair {
                                rule: string,
                                span: Span {
                                    str: "\"BusType\"",
                                    start: 551,
                                    end: 560,
                                },
                                inner: [],
                            },
                            Pair {
                                rule: string,
                                span: Span {
                                    str: "\"CAN\"",
                                    start: 561,
                                    end: 566,
                                },
                                inner: [],
                            },
                        ],
                    },
                ],
            },
            Pair {
                rule: line,
                span: Span {
                    str: "\n",
                    start: 567,
                    end: 568,
                },
                inner: [],
            },
            Pair {
                rule: line,
                span: Span {
                    str: "\n",
                    start: 568,
                    end: 569,
                },
                inner: [],
            },
            Pair {
                rule: EOI,
                span: Span {
                    str: "",
                    start: 569,
                    end: 569,
                },
                inner: [],
            },
        ],
    },
]
