---
source: tests/snapshots.rs
---
[
    Pair {
        rule: file,
        span: Span {
            str: "VERSION \"\"\n\nBS_:\n\nBU_: Node TestNode\n\n\nBO_ 1024 Message1: 0 TestNode\n\n\n\n\n",
            start: 0,
            end: 73,
        },
        inner: [
            Pair {
                rule: line,
                span: Span {
                    str: "VERSION \"\"",
                    start: 0,
                    end: 10,
                },
                inner: [
                    Pair {
                        rule: version,
                        span: Span {
                            str: "VERSION \"\"",
                            start: 0,
                            end: 10,
                        },
                        inner: [
                            Pair {
                                rule: string,
                                span: Span {
                                    str: "\"\"",
                                    start: 8,
                                    end: 10,
                                },
                                inner: [],
                            },
                        ],
                    },
                ],
            },
            Pair {
                rule: line,
                span: Span {
                    str: "\n",
                    start: 10,
                    end: 11,
                },
                inner: [],
            },
            Pair {
                rule: line,
                span: Span {
                    str: "\n",
                    start: 11,
                    end: 12,
                },
                inner: [],
            },
            Pair {
                rule: line,
                span: Span {
                    str: "BS_:",
                    start: 12,
                    end: 16,
                },
                inner: [
                    Pair {
                        rule: bit_timing,
                        span: Span {
                            str: "BS_:",
                            start: 12,
                            end: 16,
                        },
                        inner: [],
                    },
                ],
            },
            Pair {
                rule: line,
                span: Span {
                    str: "\n",
                    start: 16,
                    end: 17,
                },
                inner: [],
            },
            Pair {
                rule: line,
                span: Span {
                    str: "\n",
                    start: 17,
                    end: 18,
                },
                inner: [],
            },
            Pair {
                rule: line,
                span: Span {
                    str: "BU_: Node TestNode",
                    start: 18,
                    end: 36,
                },
                inner: [
                    Pair {
                        rule: nodes,
                        span: Span {
                            str: "BU_: Node TestNode",
                            start: 18,
                            end: 36,
                        },
                        inner: [
                            Pair {
                                rule: identifier,
                                span: Span {
                                    str: "Node",
                                    start: 23,
                                    end: 27,
                                },
                                inner: [],
                            },
                            Pair {
                                rule: identifier,
                                span: Span {
                                    str: "TestNode",
                                    start: 28,
                                    end: 36,
                                },
                                inner: [],
                            },
                        ],
                    },
                ],
            },
            Pair {
                rule: line,
                span: Span {
                    str: "\n",
                    start: 36,
                    end: 37,
                },
                inner: [],
            },
            Pair {
                rule: line,
                span: Span {
                    str: "\n",
                    start: 37,
                    end: 38,
                },
                inner: [],
            },
            Pair {
                rule: line,
                span: Span {
                    str: "\n",
                    start: 38,
                    end: 39,
                },
                inner: [],
            },
            Pair {
                rule: line,
                span: Span {
                    str: "BO_ 1024 Message1: 0 TestNode",
                    start: 39,
                    end: 68,
                },
                inner: [
                    Pair {
                        rule: message,
                        span: Span {
                            str: "BO_ 1024 Message1: 0 TestNode",
                            start: 39,
                            end: 68,
                        },
                        inner: [
                            Pair {
                                rule: integer,
                                span: Span {
                                    str: "1024",
                                    start: 43,
                                    end: 47,
                                },
                                inner: [],
                            },
                            Pair {
                                rule: identifier,
                                span: Span {
                                    str: "Message1",
                                    start: 48,
                                    end: 56,
                                },
                                inner: [],
                            },
                            Pair {
                                rule: integer,
                                span: Span {
                                    str: "0",
                                    start: 58,
                                    end: 59,
                                },
                                inner: [],
                            },
                            Pair {
                                rule: identifier,
                                span: Span {
                                    str: "TestNode",
                                    start: 60,
                                    end: 68,
                                },
                                inner: [],
                            },
                        ],
                    },
                ],
            },
            Pair {
                rule: line,
                span: Span {
                    str: "\n",
                    start: 68,
                    end: 69,
                },
                inner: [],
            },
            Pair {
                rule: line,
                span: Span {
                    str: "\n",
                    start: 69,
                    end: 70,
                },
                inner: [],
            },
            Pair {
                rule: line,
                span: Span {
                    str: "\n",
                    start: 70,
                    end: 71,
                },
                inner: [],
            },
            Pair {
                rule: line,
                span: Span {
                    str: "\n",
                    start: 71,
                    end: 72,
                },
                inner: [],
            },
            Pair {
                rule: line,
                span: Span {
                    str: "\n",
                    start: 72,
                    end: 73,
                },
                inner: [],
            },
            Pair {
                rule: EOI,
                span: Span {
                    str: "",
                    start: 73,
                    end: 73,
                },
                inner: [],
            },
        ],
    },
]
