---
source: tests/snapshots.rs
---
[
    Pair {
        rule: file,
        span: Span {
            str: "VERSION \"HIPBNYYYYYYYYYYYYYYYYYYYYYYYYYYYYYYYYYYYYY/4/%%%/4/'%**4YYY///\"\n\nBS_:\n\nBU_: Node TestNode\n\n\nBO_ 1024 Message1: 5 TestNode\n\nBO_ 1025 Message2: 0 TestNode\n\n\n\n\n",
            start: 0,
            end: 166,
        },
        inner: [
            Pair {
                rule: line,
                span: Span {
                    str: "VERSION \"HIPBNYYYYYYYYYYYYYYYYYYYYYYYYYYYYYYYYYYYYY/4/%%%/4/'%**4YYY///\"",
                    start: 0,
                    end: 72,
                },
                inner: [
                    Pair {
                        rule: version,
                        span: Span {
                            str: "VERSION \"HIPBNYYYYYYYYYYYYYYYYYYYYYYYYYYYYYYYYYYYYY/4/%%%/4/'%**4YYY///\"",
                            start: 0,
                            end: 72,
                        },
                        inner: [
                            Pair {
                                rule: string,
                                span: Span {
                                    str: "\"HIPBNYYYYYYYYYYYYYYYYYYYYYYYYYYYYYYYYYYYYY/4/%%%/4/'%**4YYY///\"",
                                    start: 8,
                                    end: 72,
                                },
                                inner: [],
                            },
                        ],
                    },
                ],
            },
            Pair {
                rule: line,
                span: Span {
                    str: "\n",
                    start: 72,
                    end: 73,
                },
                inner: [],
            },
            Pair {
                rule: line,
                span: Span {
                    str: "\n",
                    start: 73,
                    end: 74,
                },
                inner: [],
            },
            Pair {
                rule: line,
                span: Span {
                    str: "BS_:",
                    start: 74,
                    end: 78,
                },
                inner: [
                    Pair {
                        rule: bit_timing,
                        span: Span {
                            str: "BS_:",
                            start: 74,
                            end: 78,
                        },
                        inner: [],
                    },
                ],
            },
            Pair {
                rule: line,
                span: Span {
                    str: "\n",
                    start: 78,
                    end: 79,
                },
                inner: [],
            },
            Pair {
                rule: line,
                span: Span {
                    str: "\n",
                    start: 79,
                    end: 80,
                },
                inner: [],
            },
            Pair {
                rule: line,
                span: Span {
                    str: "BU_: Node TestNode",
                    start: 80,
                    end: 98,
                },
                inner: [
                    Pair {
                        rule: nodes,
                        span: Span {
                            str: "BU_: Node TestNode",
                            start: 80,
                            end: 98,
                        },
                        inner: [
                            Pair {
                                rule: identifier,
                                span: Span {
                                    str: "Node",
                                    start: 85,
                                    end: 89,
                                },
                                inner: [],
                            },
                            Pair {
                                rule: identifier,
                                span: Span {
                                    str: "TestNode",
                                    start: 90,
                                    end: 98,
                                },
                                inner: [],
                            },
                        ],
                    },
                ],
            },
            Pair {
                rule: line,
                span: Span {
                    str: "\n",
                    start: 98,
                    end: 99,
                },
                inner: [],
            },
            Pair {
                rule: line,
                span: Span {
                    str: "\n",
                    start: 99,
                    end: 100,
                },
                inner: [],
            },
            Pair {
                rule: line,
                span: Span {
                    str: "\n",
                    start: 100,
                    end: 101,
                },
                inner: [],
            },
            Pair {
                rule: line,
                span: Span {
                    str: "BO_ 1024 Message1: 5 TestNode",
                    start: 101,
                    end: 130,
                },
                inner: [
                    Pair {
                        rule: message,
                        span: Span {
                            str: "BO_ 1024 Message1: 5 TestNode",
                            start: 101,
                            end: 130,
                        },
                        inner: [
                            Pair {
                                rule: integer,
                                span: Span {
                                    str: "1024",
                                    start: 105,
                                    end: 109,
                                },
                                inner: [],
                            },
                            Pair {
                                rule: identifier,
                                span: Span {
                                    str: "Message1",
                                    start: 110,
                                    end: 118,
                                },
                                inner: [],
                            },
                            Pair {
                                rule: integer,
                                span: Span {
                                    str: "5",
                                    start: 120,
                                    end: 121,
                                },
                                inner: [],
                            },
                            Pair {
                                rule: identifier,
                                span: Span {
                                    str: "TestNode",
                                    start: 122,
                                    end: 130,
                                },
                                inner: [],
                            },
                        ],
                    },
                ],
            },
            Pair {
                rule: line,
                span: Span {
                    str: "\n",
                    start: 130,
                    end: 131,
                },
                inner: [],
            },
            Pair {
                rule: line,
                span: Span {
                    str: "\n",
                    start: 131,
                    end: 132,
                },
                inner: [],
            },
            Pair {
                rule: line,
                span: Span {
                    str: "BO_ 1025 Message2: 0 TestNode",
                    start: 132,
                    end: 161,
                },
                inner: [
                    Pair {
                        rule: message,
                        span: Span {
                            str: "BO_ 1025 Message2: 0 TestNode",
                            start: 132,
                            end: 161,
                        },
                        inner: [
                            Pair {
                                rule: integer,
                                span: Span {
                                    str: "1025",
                                    start: 136,
                                    end: 140,
                                },
                                inner: [],
                            },
                            Pair {
                                rule: identifier,
                                span: Span {
                                    str: "Message2",
                                    start: 141,
                                    end: 149,
                                },
                                inner: [],
                            },
                            Pair {
                                rule: integer,
                                span: Span {
                                    str: "0",
                                    start: 151,
                                    end: 152,
                                },
                                inner: [],
                            },
                            Pair {
                                rule: identifier,
                                span: Span {
                                    str: "TestNode",
                                    start: 153,
                                    end: 161,
                                },
                                inner: [],
                            },
                        ],
                    },
                ],
            },
            Pair {
                rule: line,
                span: Span {
                    str: "\n",
                    start: 161,
                    end: 162,
                },
                inner: [],
            },
            Pair {
                rule: line,
                span: Span {
                    str: "\n",
                    start: 162,
                    end: 163,
                },
                inner: [],
            },
            Pair {
                rule: line,
                span: Span {
                    str: "\n",
                    start: 163,
                    end: 164,
                },
                inner: [],
            },
            Pair {
                rule: line,
                span: Span {
                    str: "\n",
                    start: 164,
                    end: 165,
                },
                inner: [],
            },
            Pair {
                rule: line,
                span: Span {
                    str: "\n",
                    start: 165,
                    end: 166,
                },
                inner: [],
            },
            Pair {
                rule: EOI,
                span: Span {
                    str: "",
                    start: 166,
                    end: 166,
                },
                inner: [],
            },
        ],
    },
]
