---
source: tests/snapshots.rs
---
[
    Pair {
        rule: file,
        span: Span {
            str: "VERSION \"\"\n\n\nNS_ : \n\tNS_DESC_\n\tCM_\n\tBA_DEF_\n\tBA_\n\tVAL_\n\tCAT_DEF_\n\tCAT_\n\tFILTER\n\tBA_DEF_DEF_\n\tEV_DATA_\n\tENVVAR_DATA_\n\tSGTYPE_\n\tSGTYPE_VAL_\n\tBA_DEF_SGTYPE_\n\tBA_SGTYPE_\n\tSIG_TYPE_REF_\n\tVAL_TABLE_\n\tSIG_GROUP_\n\tSIG_VALTYPE_\n\tSIGTYPE_VALTYPE_\n\tBO_TX_BU_\n\tBA_DEF_REL_\n\tBA_REL_\n\tBA_DEF_DEF_REL_\n\tBU_SG_REL_\n\tBU_EV_REL_\n\tBU_BO_REL_\n\tSG_MUL_VAL_\n\nBS_:\n\nBU_: TheNode\n\n\n\nBO_ 1234 INV2EventMsg1: 8 Inv2\n SG_ TheSignal : 0|8@1- (1,0) [0|0] \"\" Vector__XXX\n\n\nBA_DEF_ BO_  \"GenMsgSendType\" STRING ;\nBA_DEF_ BO_  \"GenMsgCycleTime\" INT 0 100;\nBA_ \"GenMsgSendType\" BO_ 1234 \"Event\";\nBA_ \"GenMsgCycleTime\" BO_ 1234 0;\n\n\n\n",
            start: 0,
            end: 600,
        },
        inner: [
            Pair {
                rule: version,
                span: Span {
                    str: "VERSION \"\"\n",
                    start: 0,
                    end: 11,
                },
                inner: [
                    Pair {
                        rule: quoted_str,
                        span: Span {
                            str: "\"\"",
                            start: 8,
                            end: 10,
                        },
                        inner: [
                            Pair {
                                rule: string,
                                span: Span {
                                    str: "",
                                    start: 9,
                                    end: 9,
                                },
                                inner: [],
                            },
                        ],
                    },
                ],
            },
            Pair {
                rule: new_symbols,
                span: Span {
                    str: "NS_ : \n\tNS_DESC_\n\tCM_\n\tBA_DEF_\n\tBA_\n\tVAL_\n\tCAT_DEF_\n\tCAT_\n\tFILTER\n\tBA_DEF_DEF_\n\tEV_DATA_\n\tENVVAR_DATA_\n\tSGTYPE_\n\tSGTYPE_VAL_\n\tBA_DEF_SGTYPE_\n\tBA_SGTYPE_\n\tSIG_TYPE_REF_\n\tVAL_TABLE_\n\tSIG_GROUP_\n\tSIG_VALTYPE_\n\tSIGTYPE_VALTYPE_\n\tBO_TX_BU_\n\tBA_DEF_REL_\n\tBA_REL_\n\tBA_DEF_DEF_REL_\n\tBU_SG_REL_\n\tBU_EV_REL_\n\tBU_BO_REL_\n\tSG_MUL_VAL_\n\n",
                    start: 13,
                    end: 337,
                },
                inner: [
                    Pair {
                        rule: ident,
                        span: Span {
                            str: "NS_DESC_",
                            start: 21,
                            end: 29,
                        },
                        inner: [],
                    },
                    Pair {
                        rule: ident,
                        span: Span {
                            str: "CM_",
                            start: 31,
                            end: 34,
                        },
                        inner: [],
                    },
                    Pair {
                        rule: ident,
                        span: Span {
                            str: "BA_DEF_",
                            start: 36,
                            end: 43,
                        },
                        inner: [],
                    },
                    Pair {
                        rule: ident,
                        span: Span {
                            str: "BA_",
                            start: 45,
                            end: 48,
                        },
                        inner: [],
                    },
                    Pair {
                        rule: ident,
                        span: Span {
                            str: "VAL_",
                            start: 50,
                            end: 54,
                        },
                        inner: [],
                    },
                    Pair {
                        rule: ident,
                        span: Span {
                            str: "CAT_DEF_",
                            start: 56,
                            end: 64,
                        },
                        inner: [],
                    },
                    Pair {
                        rule: ident,
                        span: Span {
                            str: "CAT_",
                            start: 66,
                            end: 70,
                        },
                        inner: [],
                    },
                    Pair {
                        rule: ident,
                        span: Span {
                            str: "FILTER",
                            start: 72,
                            end: 78,
                        },
                        inner: [],
                    },
                    Pair {
                        rule: ident,
                        span: Span {
                            str: "BA_DEF_DEF_",
                            start: 80,
                            end: 91,
                        },
                        inner: [],
                    },
                    Pair {
                        rule: ident,
                        span: Span {
                            str: "EV_DATA_",
                            start: 93,
                            end: 101,
                        },
                        inner: [],
                    },
                    Pair {
                        rule: ident,
                        span: Span {
                            str: "ENVVAR_DATA_",
                            start: 103,
                            end: 115,
                        },
                        inner: [],
                    },
                    Pair {
                        rule: ident,
                        span: Span {
                            str: "SGTYPE_",
                            start: 117,
                            end: 124,
                        },
                        inner: [],
                    },
                    Pair {
                        rule: ident,
                        span: Span {
                            str: "SGTYPE_VAL_",
                            start: 126,
                            end: 137,
                        },
                        inner: [],
                    },
                    Pair {
                        rule: ident,
                        span: Span {
                            str: "BA_DEF_SGTYPE_",
                            start: 139,
                            end: 153,
                        },
                        inner: [],
                    },
                    Pair {
                        rule: ident,
                        span: Span {
                            str: "BA_SGTYPE_",
                            start: 155,
                            end: 165,
                        },
                        inner: [],
                    },
                    Pair {
                        rule: ident,
                        span: Span {
                            str: "SIG_TYPE_REF_",
                            start: 167,
                            end: 180,
                        },
                        inner: [],
                    },
                    Pair {
                        rule: ident,
                        span: Span {
                            str: "VAL_TABLE_",
                            start: 182,
                            end: 192,
                        },
                        inner: [],
                    },
                    Pair {
                        rule: ident,
                        span: Span {
                            str: "SIG_GROUP_",
                            start: 194,
                            end: 204,
                        },
                        inner: [],
                    },
                    Pair {
                        rule: ident,
                        span: Span {
                            str: "SIG_VALTYPE_",
                            start: 206,
                            end: 218,
                        },
                        inner: [],
                    },
                    Pair {
                        rule: ident,
                        span: Span {
                            str: "SIGTYPE_VALTYPE_",
                            start: 220,
                            end: 236,
                        },
                        inner: [],
                    },
                    Pair {
                        rule: ident,
                        span: Span {
                            str: "BO_TX_BU_",
                            start: 238,
                            end: 247,
                        },
                        inner: [],
                    },
                    Pair {
                        rule: ident,
                        span: Span {
                            str: "BA_DEF_REL_",
                            start: 249,
                            end: 260,
                        },
                        inner: [],
                    },
                    Pair {
                        rule: ident,
                        span: Span {
                            str: "BA_REL_",
                            start: 262,
                            end: 269,
                        },
                        inner: [],
                    },
                    Pair {
                        rule: ident,
                        span: Span {
                            str: "BA_DEF_DEF_REL_",
                            start: 271,
                            end: 286,
                        },
                        inner: [],
                    },
                    Pair {
                        rule: ident,
                        span: Span {
                            str: "BU_SG_REL_",
                            start: 288,
                            end: 298,
                        },
                        inner: [],
                    },
                    Pair {
                        rule: ident,
                        span: Span {
                            str: "BU_EV_REL_",
                            start: 300,
                            end: 310,
                        },
                        inner: [],
                    },
                    Pair {
                        rule: ident,
                        span: Span {
                            str: "BU_BO_REL_",
                            start: 312,
                            end: 322,
                        },
                        inner: [],
                    },
                    Pair {
                        rule: ident,
                        span: Span {
                            str: "SG_MUL_VAL_",
                            start: 324,
                            end: 335,
                        },
                        inner: [],
                    },
                ],
            },
            Pair {
                rule: bit_timing,
                span: Span {
                    str: "BS_:\n",
                    start: 337,
                    end: 342,
                },
                inner: [],
            },
            Pair {
                rule: nodes,
                span: Span {
                    str: "BU_: TheNode\n\n\n\n",
                    start: 343,
                    end: 359,
                },
                inner: [
                    Pair {
                        rule: node_name,
                        span: Span {
                            str: "TheNode",
                            start: 348,
                            end: 355,
                        },
                        inner: [],
                    },
                ],
            },
            Pair {
                rule: message,
                span: Span {
                    str: "BO_ 1234 INV2EventMsg1: 8 Inv2",
                    start: 359,
                    end: 389,
                },
                inner: [
                    Pair {
                        rule: msg_var,
                        span: Span {
                            str: "BO_ 1234",
                            start: 359,
                            end: 367,
                        },
                        inner: [
                            Pair {
                                rule: message_id,
                                span: Span {
                                    str: "1234",
                                    start: 363,
                                    end: 367,
                                },
                                inner: [],
                            },
                        ],
                    },
                    Pair {
                        rule: message_name,
                        span: Span {
                            str: "INV2EventMsg1",
                            start: 368,
                            end: 381,
                        },
                        inner: [],
                    },
                    Pair {
                        rule: message_size,
                        span: Span {
                            str: "8",
                            start: 383,
                            end: 384,
                        },
                        inner: [],
                    },
                    Pair {
                        rule: transmitter,
                        span: Span {
                            str: "Inv2",
                            start: 385,
                            end: 389,
                        },
                        inner: [],
                    },
                ],
            },
            Pair {
                rule: signal,
                span: Span {
                    str: "SG_ TheSignal : 0|8@1- (1,0) [0|0] \"\" Vector__XXX",
                    start: 391,
                    end: 440,
                },
                inner: [
                    Pair {
                        rule: signal_name,
                        span: Span {
                            str: "TheSignal",
                            start: 395,
                            end: 404,
                        },
                        inner: [],
                    },
                    Pair {
                        rule: start_bit,
                        span: Span {
                            str: "0",
                            start: 407,
                            end: 408,
                        },
                        inner: [],
                    },
                    Pair {
                        rule: signal_size,
                        span: Span {
                            str: "8",
                            start: 409,
                            end: 410,
                        },
                        inner: [],
                    },
                    Pair {
                        rule: little_endian,
                        span: Span {
                            str: "1",
                            start: 411,
                            end: 412,
                        },
                        inner: [],
                    },
                    Pair {
                        rule: signed_type,
                        span: Span {
                            str: "-",
                            start: 412,
                            end: 413,
                        },
                        inner: [],
                    },
                    Pair {
                        rule: factor,
                        span: Span {
                            str: "1",
                            start: 415,
                            end: 416,
                        },
                        inner: [],
                    },
                    Pair {
                        rule: offset,
                        span: Span {
                            str: "0",
                            start: 417,
                            end: 418,
                        },
                        inner: [],
                    },
                    Pair {
                        rule: min_max,
                        span: Span {
                            str: "[0|0]",
                            start: 420,
                            end: 425,
                        },
                        inner: [
                            Pair {
                                rule: minimum,
                                span: Span {
                                    str: "0",
                                    start: 421,
                                    end: 422,
                                },
                                inner: [],
                            },
                            Pair {
                                rule: maximum,
                                span: Span {
                                    str: "0",
                                    start: 423,
                                    end: 424,
                                },
                                inner: [],
                            },
                        ],
                    },
                    Pair {
                        rule: unit,
                        span: Span {
                            str: "\"\"",
                            start: 426,
                            end: 428,
                        },
                        inner: [
                            Pair {
                                rule: string,
                                span: Span {
                                    str: "",
                                    start: 427,
                                    end: 427,
                                },
                                inner: [],
                            },
                        ],
                    },
                    Pair {
                        rule: node_name,
                        span: Span {
                            str: "Vector__XXX",
                            start: 429,
                            end: 440,
                        },
                        inner: [],
                    },
                ],
            },
            Pair {
                rule: attr_def,
                span: Span {
                    str: "BA_DEF_ BO_  \"GenMsgSendType\" STRING ;",
                    start: 443,
                    end: 481,
                },
                inner: [
                    Pair {
                        rule: object_type,
                        span: Span {
                            str: "BO_",
                            start: 451,
                            end: 454,
                        },
                        inner: [],
                    },
                    Pair {
                        rule: attribute_name,
                        span: Span {
                            str: "\"GenMsgSendType\"",
                            start: 456,
                            end: 472,
                        },
                        inner: [
                            Pair {
                                rule: string,
                                span: Span {
                                    str: "GenMsgSendType",
                                    start: 457,
                                    end: 471,
                                },
                                inner: [],
                            },
                        ],
                    },
                    Pair {
                        rule: attribute_type_string,
                        span: Span {
                            str: "STRING",
                            start: 473,
                            end: 479,
                        },
                        inner: [],
                    },
                ],
            },
            Pair {
                rule: attr_def,
                span: Span {
                    str: "BA_DEF_ BO_  \"GenMsgCycleTime\" INT 0 100;",
                    start: 482,
                    end: 523,
                },
                inner: [
                    Pair {
                        rule: object_type,
                        span: Span {
                            str: "BO_",
                            start: 490,
                            end: 493,
                        },
                        inner: [],
                    },
                    Pair {
                        rule: attribute_name,
                        span: Span {
                            str: "\"GenMsgCycleTime\"",
                            start: 495,
                            end: 512,
                        },
                        inner: [
                            Pair {
                                rule: string,
                                span: Span {
                                    str: "GenMsgCycleTime",
                                    start: 496,
                                    end: 511,
                                },
                                inner: [],
                            },
                        ],
                    },
                    Pair {
                        rule: attribute_type_int,
                        span: Span {
                            str: "INT 0 100",
                            start: 513,
                            end: 522,
                        },
                        inner: [
                            Pair {
                                rule: minimum,
                                span: Span {
                                    str: "0",
                                    start: 517,
                                    end: 518,
                                },
                                inner: [],
                            },
                            Pair {
                                rule: maximum,
                                span: Span {
                                    str: "100",
                                    start: 519,
                                    end: 522,
                                },
                                inner: [],
                            },
                        ],
                    },
                ],
            },
            Pair {
                rule: attr_value,
                span: Span {
                    str: "BA_ \"GenMsgSendType\" BO_ 1234 \"Event\";",
                    start: 524,
                    end: 562,
                },
                inner: [
                    Pair {
                        rule: attribute_name,
                        span: Span {
                            str: "\"GenMsgSendType\"",
                            start: 528,
                            end: 544,
                        },
                        inner: [
                            Pair {
                                rule: string,
                                span: Span {
                                    str: "GenMsgSendType",
                                    start: 529,
                                    end: 543,
                                },
                                inner: [],
                            },
                        ],
                    },
                    Pair {
                        rule: msg_var,
                        span: Span {
                            str: "BO_ 1234",
                            start: 545,
                            end: 553,
                        },
                        inner: [
                            Pair {
                                rule: message_id,
                                span: Span {
                                    str: "1234",
                                    start: 549,
                                    end: 553,
                                },
                                inner: [],
                            },
                        ],
                    },
                    Pair {
                        rule: num_str_value,
                        span: Span {
                            str: "\"Event\"",
                            start: 554,
                            end: 561,
                        },
                        inner: [
                            Pair {
                                rule: quoted_str,
                                span: Span {
                                    str: "\"Event\"",
                                    start: 554,
                                    end: 561,
                                },
                                inner: [
                                    Pair {
                                        rule: string,
                                        span: Span {
                                            str: "Event",
                                            start: 555,
                                            end: 560,
                                        },
                                        inner: [],
                                    },
                                ],
                            },
                        ],
                    },
                ],
            },
            Pair {
                rule: attr_value,
                span: Span {
                    str: "BA_ \"GenMsgCycleTime\" BO_ 1234 0;",
                    start: 563,
                    end: 596,
                },
                inner: [
                    Pair {
                        rule: attribute_name,
                        span: Span {
                            str: "\"GenMsgCycleTime\"",
                            start: 567,
                            end: 584,
                        },
                        inner: [
                            Pair {
                                rule: string,
                                span: Span {
                                    str: "GenMsgCycleTime",
                                    start: 568,
                                    end: 583,
                                },
                                inner: [],
                            },
                        ],
                    },
                    Pair {
                        rule: msg_var,
                        span: Span {
                            str: "BO_ 1234",
                            start: 585,
                            end: 593,
                        },
                        inner: [
                            Pair {
                                rule: message_id,
                                span: Span {
                                    str: "1234",
                                    start: 589,
                                    end: 593,
                                },
                                inner: [],
                            },
                        ],
                    },
                    Pair {
                        rule: num_str_value,
                        span: Span {
                            str: "0",
                            start: 594,
                            end: 595,
                        },
                        inner: [
                            Pair {
                                rule: number,
                                span: Span {
                                    str: "0",
                                    start: 594,
                                    end: 595,
                                },
                                inner: [],
                            },
                        ],
                    },
                ],
            },
            Pair {
                rule: EOI,
                span: Span {
                    str: "",
                    start: 600,
                    end: 600,
                },
                inner: [],
            },
        ],
    },
]
