---
source: tests/snapshots.rs
---
[
    Pair {
        rule: file,
        span: Span {
            str: "VERSION \"\"\n\n\nNS_ : \n\tNS_DESC_\n\tCM_\n\tBA_DEF_\n\tBA_\n\tVAL_\n\tCAT_DEF_\n\tCAT_\n\tFILTER\n\tBA_DEF_DEF_\n\tEV_DATA_\n\tENVVAR_DATA_\n\tSGTYPE_\n\tSGTYPE_VAL_\n\tBA_DEF_SGTYPE_\n\tBA_SGTYPE_\n\tSIG_TYPE_REF_\n\tVAL_TABLE_\n\tSIG_GROUP_\n\tSIG_VALTYPE_\n\tSIGTYPE_VALTYPE_\n\tBO_TX_BU_\n\tBA_DEF_REL_\n\tBA_REL_\n\tBA_DEF_DEF_REL_\n\tBU_SG_REL_\n\tBU_EV_REL_\n\tBU_BO_REL_\n\tSG_MUL_VAL_\n\nBS_:\n\nBU_: COM\n\n\nBO_ 1 CONTROL: 7 COM\n SG_ state : 0|8@1+ (1,0) [0|100] \"%\" Vector__XXX\n\n\n\n\n\nBA_DEF_ BO_  \"GenMsgCycleTime\" INT 0 65535;\nBA_DEF_DEF_  \"GenMsgCycleTime\" 0;\nBA_DEF_REL_ BU_BO_REL_  \"MsgProject\" ENUM  \"A\",\"B\",\"C\";\nBA_DEF_DEF_REL_ \"MsgProject\" \"A\";\n\nVAL_ 1 state 255 \"Invalid\" ;\n\n\n\n",
            start: 0,
            end: 631,
        },
        inner: [
            Pair {
                rule: version,
                span: Span {
                    str: "VERSION \"\"\n",
                    start: 0,
                    end: 11,
                },
                inner: [
                    Pair {
                        rule: string,
                        span: Span {
                            str: "\"\"",
                            start: 8,
                            end: 10,
                        },
                        inner: [
                            Pair {
                                rule: str,
                                span: Span {
                                    str: "",
                                    start: 9,
                                    end: 9,
                                },
                                inner: [],
                            },
                        ],
                    },
                ],
            },
            Pair {
                rule: new_symbols,
                span: Span {
                    str: "NS_ : \n\tNS_DESC_\n\tCM_\n\tBA_DEF_\n\tBA_\n\tVAL_\n\tCAT_DEF_\n\tCAT_\n\tFILTER\n\tBA_DEF_DEF_\n\tEV_DATA_\n\tENVVAR_DATA_\n\tSGTYPE_\n\tSGTYPE_VAL_\n\tBA_DEF_SGTYPE_\n\tBA_SGTYPE_\n\tSIG_TYPE_REF_\n\tVAL_TABLE_\n\tSIG_GROUP_\n\tSIG_VALTYPE_\n\tSIGTYPE_VALTYPE_\n\tBO_TX_BU_\n\tBA_DEF_REL_\n\tBA_REL_\n\tBA_DEF_DEF_REL_\n\tBU_SG_REL_\n\tBU_EV_REL_\n\tBU_BO_REL_\n\tSG_MUL_VAL_\n\n",
                    start: 13,
                    end: 337,
                },
                inner: [
                    Pair {
                        rule: ident,
                        span: Span {
                            str: "NS_DESC_",
                            start: 21,
                            end: 29,
                        },
                        inner: [],
                    },
                    Pair {
                        rule: ident,
                        span: Span {
                            str: "CM_",
                            start: 31,
                            end: 34,
                        },
                        inner: [],
                    },
                    Pair {
                        rule: ident,
                        span: Span {
                            str: "BA_DEF_",
                            start: 36,
                            end: 43,
                        },
                        inner: [],
                    },
                    Pair {
                        rule: ident,
                        span: Span {
                            str: "BA_",
                            start: 45,
                            end: 48,
                        },
                        inner: [],
                    },
                    Pair {
                        rule: ident,
                        span: Span {
                            str: "VAL_",
                            start: 50,
                            end: 54,
                        },
                        inner: [],
                    },
                    Pair {
                        rule: ident,
                        span: Span {
                            str: "CAT_DEF_",
                            start: 56,
                            end: 64,
                        },
                        inner: [],
                    },
                    Pair {
                        rule: ident,
                        span: Span {
                            str: "CAT_",
                            start: 66,
                            end: 70,
                        },
                        inner: [],
                    },
                    Pair {
                        rule: ident,
                        span: Span {
                            str: "FILTER",
                            start: 72,
                            end: 78,
                        },
                        inner: [],
                    },
                    Pair {
                        rule: ident,
                        span: Span {
                            str: "BA_DEF_DEF_",
                            start: 80,
                            end: 91,
                        },
                        inner: [],
                    },
                    Pair {
                        rule: ident,
                        span: Span {
                            str: "EV_DATA_",
                            start: 93,
                            end: 101,
                        },
                        inner: [],
                    },
                    Pair {
                        rule: ident,
                        span: Span {
                            str: "ENVVAR_DATA_",
                            start: 103,
                            end: 115,
                        },
                        inner: [],
                    },
                    Pair {
                        rule: ident,
                        span: Span {
                            str: "SGTYPE_",
                            start: 117,
                            end: 124,
                        },
                        inner: [],
                    },
                    Pair {
                        rule: ident,
                        span: Span {
                            str: "SGTYPE_VAL_",
                            start: 126,
                            end: 137,
                        },
                        inner: [],
                    },
                    Pair {
                        rule: ident,
                        span: Span {
                            str: "BA_DEF_SGTYPE_",
                            start: 139,
                            end: 153,
                        },
                        inner: [],
                    },
                    Pair {
                        rule: ident,
                        span: Span {
                            str: "BA_SGTYPE_",
                            start: 155,
                            end: 165,
                        },
                        inner: [],
                    },
                    Pair {
                        rule: ident,
                        span: Span {
                            str: "SIG_TYPE_REF_",
                            start: 167,
                            end: 180,
                        },
                        inner: [],
                    },
                    Pair {
                        rule: ident,
                        span: Span {
                            str: "VAL_TABLE_",
                            start: 182,
                            end: 192,
                        },
                        inner: [],
                    },
                    Pair {
                        rule: ident,
                        span: Span {
                            str: "SIG_GROUP_",
                            start: 194,
                            end: 204,
                        },
                        inner: [],
                    },
                    Pair {
                        rule: ident,
                        span: Span {
                            str: "SIG_VALTYPE_",
                            start: 206,
                            end: 218,
                        },
                        inner: [],
                    },
                    Pair {
                        rule: ident,
                        span: Span {
                            str: "SIGTYPE_VALTYPE_",
                            start: 220,
                            end: 236,
                        },
                        inner: [],
                    },
                    Pair {
                        rule: ident,
                        span: Span {
                            str: "BO_TX_BU_",
                            start: 238,
                            end: 247,
                        },
                        inner: [],
                    },
                    Pair {
                        rule: ident,
                        span: Span {
                            str: "BA_DEF_REL_",
                            start: 249,
                            end: 260,
                        },
                        inner: [],
                    },
                    Pair {
                        rule: ident,
                        span: Span {
                            str: "BA_REL_",
                            start: 262,
                            end: 269,
                        },
                        inner: [],
                    },
                    Pair {
                        rule: ident,
                        span: Span {
                            str: "BA_DEF_DEF_REL_",
                            start: 271,
                            end: 286,
                        },
                        inner: [],
                    },
                    Pair {
                        rule: ident,
                        span: Span {
                            str: "BU_SG_REL_",
                            start: 288,
                            end: 298,
                        },
                        inner: [],
                    },
                    Pair {
                        rule: ident,
                        span: Span {
                            str: "BU_EV_REL_",
                            start: 300,
                            end: 310,
                        },
                        inner: [],
                    },
                    Pair {
                        rule: ident,
                        span: Span {
                            str: "BU_BO_REL_",
                            start: 312,
                            end: 322,
                        },
                        inner: [],
                    },
                    Pair {
                        rule: ident,
                        span: Span {
                            str: "SG_MUL_VAL_",
                            start: 324,
                            end: 335,
                        },
                        inner: [],
                    },
                ],
            },
            Pair {
                rule: bit_timing,
                span: Span {
                    str: "BS_:\n",
                    start: 337,
                    end: 342,
                },
                inner: [],
            },
            Pair {
                rule: nodes,
                span: Span {
                    str: "BU_: COM\n\n\n",
                    start: 343,
                    end: 354,
                },
                inner: [
                    Pair {
                        rule: ident,
                        span: Span {
                            str: "COM",
                            start: 348,
                            end: 351,
                        },
                        inner: [],
                    },
                ],
            },
            Pair {
                rule: message,
                span: Span {
                    str: "BO_ 1 CONTROL: 7 COM",
                    start: 354,
                    end: 374,
                },
                inner: [
                    Pair {
                        rule: can_id,
                        span: Span {
                            str: "1",
                            start: 358,
                            end: 359,
                        },
                        inner: [],
                    },
                    Pair {
                        rule: ident_ext,
                        span: Span {
                            str: "CONTROL",
                            start: 360,
                            end: 367,
                        },
                        inner: [],
                    },
                    Pair {
                        rule: int,
                        span: Span {
                            str: "7",
                            start: 369,
                            end: 370,
                        },
                        inner: [],
                    },
                    Pair {
                        rule: ident,
                        span: Span {
                            str: "COM",
                            start: 371,
                            end: 374,
                        },
                        inner: [],
                    },
                ],
            },
            Pair {
                rule: signal,
                span: Span {
                    str: "SG_ state : 0|8@1+ (1,0) [0|100] \"%\" Vector__XXX",
                    start: 376,
                    end: 424,
                },
                inner: [
                    Pair {
                        rule: ident_ext,
                        span: Span {
                            str: "state",
                            start: 380,
                            end: 385,
                        },
                        inner: [],
                    },
                    Pair {
                        rule: int,
                        span: Span {
                            str: "0",
                            start: 388,
                            end: 389,
                        },
                        inner: [],
                    },
                    Pair {
                        rule: int,
                        span: Span {
                            str: "8",
                            start: 390,
                            end: 391,
                        },
                        inner: [],
                    },
                    Pair {
                        rule: int,
                        span: Span {
                            str: "1",
                            start: 392,
                            end: 393,
                        },
                        inner: [],
                    },
                    Pair {
                        rule: number,
                        span: Span {
                            str: "1",
                            start: 396,
                            end: 397,
                        },
                        inner: [],
                    },
                    Pair {
                        rule: number,
                        span: Span {
                            str: "0",
                            start: 398,
                            end: 399,
                        },
                        inner: [],
                    },
                    Pair {
                        rule: number,
                        span: Span {
                            str: "0",
                            start: 402,
                            end: 403,
                        },
                        inner: [],
                    },
                    Pair {
                        rule: number,
                        span: Span {
                            str: "100",
                            start: 404,
                            end: 407,
                        },
                        inner: [],
                    },
                    Pair {
                        rule: string,
                        span: Span {
                            str: "\"%\"",
                            start: 409,
                            end: 412,
                        },
                        inner: [
                            Pair {
                                rule: str,
                                span: Span {
                                    str: "%",
                                    start: 410,
                                    end: 411,
                                },
                                inner: [],
                            },
                        ],
                    },
                    Pair {
                        rule: ident,
                        span: Span {
                            str: "Vector__XXX",
                            start: 413,
                            end: 424,
                        },
                        inner: [],
                    },
                ],
            },
            Pair {
                rule: attr_def,
                span: Span {
                    str: "BA_DEF_ BO_  \"GenMsgCycleTime\" INT 0 65535;",
                    start: 430,
                    end: 473,
                },
                inner: [
                    Pair {
                        rule: string,
                        span: Span {
                            str: "\"GenMsgCycleTime\"",
                            start: 443,
                            end: 460,
                        },
                        inner: [
                            Pair {
                                rule: str,
                                span: Span {
                                    str: "GenMsgCycleTime",
                                    start: 444,
                                    end: 459,
                                },
                                inner: [],
                            },
                        ],
                    },
                    Pair {
                        rule: number,
                        span: Span {
                            str: "0",
                            start: 465,
                            end: 466,
                        },
                        inner: [],
                    },
                    Pair {
                        rule: number,
                        span: Span {
                            str: "65535",
                            start: 467,
                            end: 472,
                        },
                        inner: [],
                    },
                ],
            },
            Pair {
                rule: ba_def_def,
                span: Span {
                    str: "BA_DEF_DEF_  \"GenMsgCycleTime\" 0;",
                    start: 474,
                    end: 507,
                },
                inner: [
                    Pair {
                        rule: string,
                        span: Span {
                            str: "\"GenMsgCycleTime\"",
                            start: 487,
                            end: 504,
                        },
                        inner: [
                            Pair {
                                rule: str,
                                span: Span {
                                    str: "GenMsgCycleTime",
                                    start: 488,
                                    end: 503,
                                },
                                inner: [],
                            },
                        ],
                    },
                    Pair {
                        rule: number,
                        span: Span {
                            str: "0",
                            start: 505,
                            end: 506,
                        },
                        inner: [],
                    },
                ],
            },
            Pair {
                rule: ba_def_rel,
                span: Span {
                    str: "BA_DEF_REL_ BU_BO_REL_  \"MsgProject\" ENUM  \"A\",\"B\",\"C\";",
                    start: 508,
                    end: 563,
                },
                inner: [
                    Pair {
                        rule: string,
                        span: Span {
                            str: "\"MsgProject\"",
                            start: 532,
                            end: 544,
                        },
                        inner: [
                            Pair {
                                rule: str,
                                span: Span {
                                    str: "MsgProject",
                                    start: 533,
                                    end: 543,
                                },
                                inner: [],
                            },
                        ],
                    },
                    Pair {
                        rule: string,
                        span: Span {
                            str: "\"A\"",
                            start: 551,
                            end: 554,
                        },
                        inner: [
                            Pair {
                                rule: str,
                                span: Span {
                                    str: "A",
                                    start: 552,
                                    end: 553,
                                },
                                inner: [],
                            },
                        ],
                    },
                    Pair {
                        rule: string,
                        span: Span {
                            str: "\"B\"",
                            start: 555,
                            end: 558,
                        },
                        inner: [
                            Pair {
                                rule: str,
                                span: Span {
                                    str: "B",
                                    start: 556,
                                    end: 557,
                                },
                                inner: [],
                            },
                        ],
                    },
                    Pair {
                        rule: string,
                        span: Span {
                            str: "\"C\"",
                            start: 559,
                            end: 562,
                        },
                        inner: [
                            Pair {
                                rule: str,
                                span: Span {
                                    str: "C",
                                    start: 560,
                                    end: 561,
                                },
                                inner: [],
                            },
                        ],
                    },
                ],
            },
            Pair {
                rule: ba_def_def_rel,
                span: Span {
                    str: "BA_DEF_DEF_REL_ \"MsgProject\" \"A\";",
                    start: 564,
                    end: 597,
                },
                inner: [
                    Pair {
                        rule: string,
                        span: Span {
                            str: "\"MsgProject\"",
                            start: 580,
                            end: 592,
                        },
                        inner: [
                            Pair {
                                rule: str,
                                span: Span {
                                    str: "MsgProject",
                                    start: 581,
                                    end: 591,
                                },
                                inner: [],
                            },
                        ],
                    },
                    Pair {
                        rule: string,
                        span: Span {
                            str: "\"A\"",
                            start: 593,
                            end: 596,
                        },
                        inner: [
                            Pair {
                                rule: str,
                                span: Span {
                                    str: "A",
                                    start: 594,
                                    end: 595,
                                },
                                inner: [],
                            },
                        ],
                    },
                ],
            },
            Pair {
                rule: value_table_def,
                span: Span {
                    str: "VAL_ 1 state 255 \"Invalid\" ;",
                    start: 599,
                    end: 627,
                },
                inner: [
                    Pair {
                        rule: can_id,
                        span: Span {
                            str: "1",
                            start: 604,
                            end: 605,
                        },
                        inner: [],
                    },
                    Pair {
                        rule: ident,
                        span: Span {
                            str: "state",
                            start: 606,
                            end: 611,
                        },
                        inner: [],
                    },
                    Pair {
                        rule: int,
                        span: Span {
                            str: "255",
                            start: 612,
                            end: 615,
                        },
                        inner: [],
                    },
                    Pair {
                        rule: string,
                        span: Span {
                            str: "\"Invalid\"",
                            start: 616,
                            end: 625,
                        },
                        inner: [
                            Pair {
                                rule: str,
                                span: Span {
                                    str: "Invalid",
                                    start: 617,
                                    end: 624,
                                },
                                inner: [],
                            },
                        ],
                    },
                ],
            },
            Pair {
                rule: EOI,
                span: Span {
                    str: "",
                    start: 631,
                    end: 631,
                },
                inner: [],
            },
        ],
    },
]
