---
source: tests/snapshots.rs
---
[
    Pair {
        rule: file,
        span: Span {
            str: "VERSION \"\"\n\nBS_:\n\nBU_: Node TestNode\n\n\nBO_ 1024 Message1: 5 TestNode\n\n\n\n\n",
            start: 0,
            end: 73,
        },
        inner: [
            Pair {
                rule: version,
                span: Span {
                    str: "VERSION \"\"\n",
                    start: 0,
                    end: 11,
                },
                inner: [
                    Pair {
                        rule: string,
                        span: Span {
                            str: "\"\"",
                            start: 8,
                            end: 10,
                        },
                        inner: [
                            Pair {
                                rule: str,
                                span: Span {
                                    str: "",
                                    start: 9,
                                    end: 9,
                                },
                                inner: [],
                            },
                        ],
                    },
                ],
            },
            Pair {
                rule: bit_timing,
                span: Span {
                    str: "BS_:\n",
                    start: 12,
                    end: 17,
                },
                inner: [],
            },
            Pair {
                rule: nodes,
                span: Span {
                    str: "BU_: Node TestNode\n\n\n",
                    start: 18,
                    end: 39,
                },
                inner: [
                    Pair {
                        rule: ident,
                        span: Span {
                            str: "Node",
                            start: 23,
                            end: 27,
                        },
                        inner: [],
                    },
                    Pair {
                        rule: ident,
                        span: Span {
                            str: "TestNode",
                            start: 28,
                            end: 36,
                        },
                        inner: [],
                    },
                ],
            },
            Pair {
                rule: message,
                span: Span {
                    str: "BO_ 1024 Message1: 5 TestNode",
                    start: 39,
                    end: 68,
                },
                inner: [
                    Pair {
                        rule: message_id,
                        span: Span {
                            str: "1024",
                            start: 43,
                            end: 47,
                        },
                        inner: [],
                    },
                    Pair {
                        rule: message_name,
                        span: Span {
                            str: "Message1",
                            start: 48,
                            end: 56,
                        },
                        inner: [],
                    },
                    Pair {
                        rule: message_size,
                        span: Span {
                            str: "5",
                            start: 58,
                            end: 59,
                        },
                        inner: [],
                    },
                    Pair {
                        rule: transmitter,
                        span: Span {
                            str: "TestNode",
                            start: 60,
                            end: 68,
                        },
                        inner: [],
                    },
                ],
            },
            Pair {
                rule: EOI,
                span: Span {
                    str: "",
                    start: 73,
                    end: 73,
                },
                inner: [],
            },
        ],
    },
]
