---
source: tests/snapshots.rs
---
[
    Pair {
        rule: file,
        span: Span {
            str: "VERSION \"\"\n\n\nNS_ : \n\tNS_DESC_\n\tCM_\n\tBA_DEF_\n\tBA_\n\tVAL_\n\tCAT_DEF_\n\tCAT_\n\tFILTER\n\tBA_DEF_DEF_\n\tEV_DATA_\n\tENVVAR_DATA_\n\tSGTYPE_\n\tSGTYPE_VAL_\n\tBA_DEF_SGTYPE_\n\tBA_SGTYPE_\n\tSIG_TYPE_REF_\n\tVAL_TABLE_\n\tSIG_GROUP_\n\tSIG_VALTYPE_\n\tSIGTYPE_VALTYPE_\n\tBO_TX_BU_\n\tBA_DEF_REL_\n\tBA_REL_\n\tBA_DEF_DEF_REL_\n\tBU_SG_REL_\n\tBU_EV_REL_\n\tBU_BO_REL_\n\tSG_MUL_VAL_\n\nBS_:\n\nBU_: node_now_short\n\n\nBO_ 1 msg_now_short: 8 node_now_short\n SG_ sig_now_short : 1|8@1+ (1,0) [0|0] \"\" Vector__XXX\n\n\n\n\nCM_ BU_ node_now_short \"\";\nBA_DEF_ BU_  \"SystemNodeLongSymbol\" STRING ;\nBA_DEF_ BO_  \"SystemMessageLongSymbol\" STRING ;\nBA_DEF_ SG_  \"SystemSignalLongSymbol\" STRING ;\nBA_DEF_DEF_  \"SystemNodeLongSymbol\" \"\";\nBA_DEF_DEF_  \"SystemMessageLongSymbol\" \"\";\nBA_DEF_DEF_  \"SystemSignalLongSymbol\" \"\";\n\n\n\n\n\n",
            start: 0,
            end: 759,
        },
        inner: [
            Pair {
                rule: version,
                span: Span {
                    str: "VERSION \"\"\n",
                    start: 0,
                    end: 11,
                },
                inner: [
                    Pair {
                        rule: string,
                        span: Span {
                            str: "\"\"",
                            start: 8,
                            end: 10,
                        },
                        inner: [
                            Pair {
                                rule: str,
                                span: Span {
                                    str: "",
                                    start: 9,
                                    end: 9,
                                },
                                inner: [],
                            },
                        ],
                    },
                ],
            },
            Pair {
                rule: new_symbols,
                span: Span {
                    str: "NS_ : \n\tNS_DESC_\n\tCM_\n\tBA_DEF_\n\tBA_\n\tVAL_\n\tCAT_DEF_\n\tCAT_\n\tFILTER\n\tBA_DEF_DEF_\n\tEV_DATA_\n\tENVVAR_DATA_\n\tSGTYPE_\n\tSGTYPE_VAL_\n\tBA_DEF_SGTYPE_\n\tBA_SGTYPE_\n\tSIG_TYPE_REF_\n\tVAL_TABLE_\n\tSIG_GROUP_\n\tSIG_VALTYPE_\n\tSIGTYPE_VALTYPE_\n\tBO_TX_BU_\n\tBA_DEF_REL_\n\tBA_REL_\n\tBA_DEF_DEF_REL_\n\tBU_SG_REL_\n\tBU_EV_REL_\n\tBU_BO_REL_\n\tSG_MUL_VAL_\n\n",
                    start: 13,
                    end: 337,
                },
                inner: [
                    Pair {
                        rule: ident,
                        span: Span {
                            str: "NS_DESC_",
                            start: 21,
                            end: 29,
                        },
                        inner: [],
                    },
                    Pair {
                        rule: ident,
                        span: Span {
                            str: "CM_",
                            start: 31,
                            end: 34,
                        },
                        inner: [],
                    },
                    Pair {
                        rule: ident,
                        span: Span {
                            str: "BA_DEF_",
                            start: 36,
                            end: 43,
                        },
                        inner: [],
                    },
                    Pair {
                        rule: ident,
                        span: Span {
                            str: "BA_",
                            start: 45,
                            end: 48,
                        },
                        inner: [],
                    },
                    Pair {
                        rule: ident,
                        span: Span {
                            str: "VAL_",
                            start: 50,
                            end: 54,
                        },
                        inner: [],
                    },
                    Pair {
                        rule: ident,
                        span: Span {
                            str: "CAT_DEF_",
                            start: 56,
                            end: 64,
                        },
                        inner: [],
                    },
                    Pair {
                        rule: ident,
                        span: Span {
                            str: "CAT_",
                            start: 66,
                            end: 70,
                        },
                        inner: [],
                    },
                    Pair {
                        rule: ident,
                        span: Span {
                            str: "FILTER",
                            start: 72,
                            end: 78,
                        },
                        inner: [],
                    },
                    Pair {
                        rule: ident,
                        span: Span {
                            str: "BA_DEF_DEF_",
                            start: 80,
                            end: 91,
                        },
                        inner: [],
                    },
                    Pair {
                        rule: ident,
                        span: Span {
                            str: "EV_DATA_",
                            start: 93,
                            end: 101,
                        },
                        inner: [],
                    },
                    Pair {
                        rule: ident,
                        span: Span {
                            str: "ENVVAR_DATA_",
                            start: 103,
                            end: 115,
                        },
                        inner: [],
                    },
                    Pair {
                        rule: ident,
                        span: Span {
                            str: "SGTYPE_",
                            start: 117,
                            end: 124,
                        },
                        inner: [],
                    },
                    Pair {
                        rule: ident,
                        span: Span {
                            str: "SGTYPE_VAL_",
                            start: 126,
                            end: 137,
                        },
                        inner: [],
                    },
                    Pair {
                        rule: ident,
                        span: Span {
                            str: "BA_DEF_SGTYPE_",
                            start: 139,
                            end: 153,
                        },
                        inner: [],
                    },
                    Pair {
                        rule: ident,
                        span: Span {
                            str: "BA_SGTYPE_",
                            start: 155,
                            end: 165,
                        },
                        inner: [],
                    },
                    Pair {
                        rule: ident,
                        span: Span {
                            str: "SIG_TYPE_REF_",
                            start: 167,
                            end: 180,
                        },
                        inner: [],
                    },
                    Pair {
                        rule: ident,
                        span: Span {
                            str: "VAL_TABLE_",
                            start: 182,
                            end: 192,
                        },
                        inner: [],
                    },
                    Pair {
                        rule: ident,
                        span: Span {
                            str: "SIG_GROUP_",
                            start: 194,
                            end: 204,
                        },
                        inner: [],
                    },
                    Pair {
                        rule: ident,
                        span: Span {
                            str: "SIG_VALTYPE_",
                            start: 206,
                            end: 218,
                        },
                        inner: [],
                    },
                    Pair {
                        rule: ident,
                        span: Span {
                            str: "SIGTYPE_VALTYPE_",
                            start: 220,
                            end: 236,
                        },
                        inner: [],
                    },
                    Pair {
                        rule: ident,
                        span: Span {
                            str: "BO_TX_BU_",
                            start: 238,
                            end: 247,
                        },
                        inner: [],
                    },
                    Pair {
                        rule: ident,
                        span: Span {
                            str: "BA_DEF_REL_",
                            start: 249,
                            end: 260,
                        },
                        inner: [],
                    },
                    Pair {
                        rule: ident,
                        span: Span {
                            str: "BA_REL_",
                            start: 262,
                            end: 269,
                        },
                        inner: [],
                    },
                    Pair {
                        rule: ident,
                        span: Span {
                            str: "BA_DEF_DEF_REL_",
                            start: 271,
                            end: 286,
                        },
                        inner: [],
                    },
                    Pair {
                        rule: ident,
                        span: Span {
                            str: "BU_SG_REL_",
                            start: 288,
                            end: 298,
                        },
                        inner: [],
                    },
                    Pair {
                        rule: ident,
                        span: Span {
                            str: "BU_EV_REL_",
                            start: 300,
                            end: 310,
                        },
                        inner: [],
                    },
                    Pair {
                        rule: ident,
                        span: Span {
                            str: "BU_BO_REL_",
                            start: 312,
                            end: 322,
                        },
                        inner: [],
                    },
                    Pair {
                        rule: ident,
                        span: Span {
                            str: "SG_MUL_VAL_",
                            start: 324,
                            end: 335,
                        },
                        inner: [],
                    },
                ],
            },
            Pair {
                rule: bit_timing,
                span: Span {
                    str: "BS_:\n",
                    start: 337,
                    end: 342,
                },
                inner: [],
            },
            Pair {
                rule: nodes,
                span: Span {
                    str: "BU_: node_now_short\n\n\n",
                    start: 343,
                    end: 365,
                },
                inner: [
                    Pair {
                        rule: ident,
                        span: Span {
                            str: "node_now_short",
                            start: 348,
                            end: 362,
                        },
                        inner: [],
                    },
                ],
            },
            Pair {
                rule: message,
                span: Span {
                    str: "BO_ 1 msg_now_short: 8 node_now_short",
                    start: 365,
                    end: 402,
                },
                inner: [
                    Pair {
                        rule: can_id,
                        span: Span {
                            str: "1",
                            start: 369,
                            end: 370,
                        },
                        inner: [],
                    },
                    Pair {
                        rule: ident_ext,
                        span: Span {
                            str: "msg_now_short",
                            start: 371,
                            end: 384,
                        },
                        inner: [],
                    },
                    Pair {
                        rule: int,
                        span: Span {
                            str: "8",
                            start: 386,
                            end: 387,
                        },
                        inner: [],
                    },
                    Pair {
                        rule: ident,
                        span: Span {
                            str: "node_now_short",
                            start: 388,
                            end: 402,
                        },
                        inner: [],
                    },
                ],
            },
            Pair {
                rule: signal,
                span: Span {
                    str: "SG_ sig_now_short : 1|8@1+ (1,0) [0|0] \"\" Vector__XXX",
                    start: 404,
                    end: 457,
                },
                inner: [
                    Pair {
                        rule: ident_ext,
                        span: Span {
                            str: "sig_now_short",
                            start: 408,
                            end: 421,
                        },
                        inner: [],
                    },
                    Pair {
                        rule: int,
                        span: Span {
                            str: "1",
                            start: 424,
                            end: 425,
                        },
                        inner: [],
                    },
                    Pair {
                        rule: int,
                        span: Span {
                            str: "8",
                            start: 426,
                            end: 427,
                        },
                        inner: [],
                    },
                    Pair {
                        rule: int,
                        span: Span {
                            str: "1",
                            start: 428,
                            end: 429,
                        },
                        inner: [],
                    },
                    Pair {
                        rule: number,
                        span: Span {
                            str: "1",
                            start: 432,
                            end: 433,
                        },
                        inner: [],
                    },
                    Pair {
                        rule: number,
                        span: Span {
                            str: "0",
                            start: 434,
                            end: 435,
                        },
                        inner: [],
                    },
                    Pair {
                        rule: number,
                        span: Span {
                            str: "0",
                            start: 438,
                            end: 439,
                        },
                        inner: [],
                    },
                    Pair {
                        rule: number,
                        span: Span {
                            str: "0",
                            start: 440,
                            end: 441,
                        },
                        inner: [],
                    },
                    Pair {
                        rule: string,
                        span: Span {
                            str: "\"\"",
                            start: 443,
                            end: 445,
                        },
                        inner: [
                            Pair {
                                rule: str,
                                span: Span {
                                    str: "",
                                    start: 444,
                                    end: 444,
                                },
                                inner: [],
                            },
                        ],
                    },
                    Pair {
                        rule: ident,
                        span: Span {
                            str: "Vector__XXX",
                            start: 446,
                            end: 457,
                        },
                        inner: [],
                    },
                ],
            },
            Pair {
                rule: comment,
                span: Span {
                    str: "CM_ BU_ node_now_short \"\";",
                    start: 462,
                    end: 488,
                },
                inner: [
                    Pair {
                        rule: ident_ext,
                        span: Span {
                            str: "node_now_short",
                            start: 470,
                            end: 484,
                        },
                        inner: [],
                    },
                    Pair {
                        rule: string,
                        span: Span {
                            str: "\"\"",
                            start: 485,
                            end: 487,
                        },
                        inner: [
                            Pair {
                                rule: str,
                                span: Span {
                                    str: "",
                                    start: 486,
                                    end: 486,
                                },
                                inner: [],
                            },
                        ],
                    },
                ],
            },
            Pair {
                rule: attr_def,
                span: Span {
                    str: "BA_DEF_ BU_  \"SystemNodeLongSymbol\" STRING ;",
                    start: 489,
                    end: 533,
                },
                inner: [
                    Pair {
                        rule: string,
                        span: Span {
                            str: "\"SystemNodeLongSymbol\"",
                            start: 502,
                            end: 524,
                        },
                        inner: [
                            Pair {
                                rule: str,
                                span: Span {
                                    str: "SystemNodeLongSymbol",
                                    start: 503,
                                    end: 523,
                                },
                                inner: [],
                            },
                        ],
                    },
                ],
            },
            Pair {
                rule: attr_def,
                span: Span {
                    str: "BA_DEF_ BO_  \"SystemMessageLongSymbol\" STRING ;",
                    start: 534,
                    end: 581,
                },
                inner: [
                    Pair {
                        rule: string,
                        span: Span {
                            str: "\"SystemMessageLongSymbol\"",
                            start: 547,
                            end: 572,
                        },
                        inner: [
                            Pair {
                                rule: str,
                                span: Span {
                                    str: "SystemMessageLongSymbol",
                                    start: 548,
                                    end: 571,
                                },
                                inner: [],
                            },
                        ],
                    },
                ],
            },
            Pair {
                rule: attr_def,
                span: Span {
                    str: "BA_DEF_ SG_  \"SystemSignalLongSymbol\" STRING ;",
                    start: 582,
                    end: 628,
                },
                inner: [
                    Pair {
                        rule: string,
                        span: Span {
                            str: "\"SystemSignalLongSymbol\"",
                            start: 595,
                            end: 619,
                        },
                        inner: [
                            Pair {
                                rule: str,
                                span: Span {
                                    str: "SystemSignalLongSymbol",
                                    start: 596,
                                    end: 618,
                                },
                                inner: [],
                            },
                        ],
                    },
                ],
            },
            Pair {
                rule: ba_def_def,
                span: Span {
                    str: "BA_DEF_DEF_  \"SystemNodeLongSymbol\" \"\";",
                    start: 629,
                    end: 668,
                },
                inner: [
                    Pair {
                        rule: string,
                        span: Span {
                            str: "\"SystemNodeLongSymbol\"",
                            start: 642,
                            end: 664,
                        },
                        inner: [
                            Pair {
                                rule: str,
                                span: Span {
                                    str: "SystemNodeLongSymbol",
                                    start: 643,
                                    end: 663,
                                },
                                inner: [],
                            },
                        ],
                    },
                    Pair {
                        rule: string,
                        span: Span {
                            str: "\"\"",
                            start: 665,
                            end: 667,
                        },
                        inner: [
                            Pair {
                                rule: str,
                                span: Span {
                                    str: "",
                                    start: 666,
                                    end: 666,
                                },
                                inner: [],
                            },
                        ],
                    },
                ],
            },
            Pair {
                rule: ba_def_def,
                span: Span {
                    str: "BA_DEF_DEF_  \"SystemMessageLongSymbol\" \"\";",
                    start: 669,
                    end: 711,
                },
                inner: [
                    Pair {
                        rule: string,
                        span: Span {
                            str: "\"SystemMessageLongSymbol\"",
                            start: 682,
                            end: 707,
                        },
                        inner: [
                            Pair {
                                rule: str,
                                span: Span {
                                    str: "SystemMessageLongSymbol",
                                    start: 683,
                                    end: 706,
                                },
                                inner: [],
                            },
                        ],
                    },
                    Pair {
                        rule: string,
                        span: Span {
                            str: "\"\"",
                            start: 708,
                            end: 710,
                        },
                        inner: [
                            Pair {
                                rule: str,
                                span: Span {
                                    str: "",
                                    start: 709,
                                    end: 709,
                                },
                                inner: [],
                            },
                        ],
                    },
                ],
            },
            Pair {
                rule: ba_def_def,
                span: Span {
                    str: "BA_DEF_DEF_  \"SystemSignalLongSymbol\" \"\";",
                    start: 712,
                    end: 753,
                },
                inner: [
                    Pair {
                        rule: string,
                        span: Span {
                            str: "\"SystemSignalLongSymbol\"",
                            start: 725,
                            end: 749,
                        },
                        inner: [
                            Pair {
                                rule: str,
                                span: Span {
                                    str: "SystemSignalLongSymbol",
                                    start: 726,
                                    end: 748,
                                },
                                inner: [],
                            },
                        ],
                    },
                    Pair {
                        rule: string,
                        span: Span {
                            str: "\"\"",
                            start: 750,
                            end: 752,
                        },
                        inner: [
                            Pair {
                                rule: str,
                                span: Span {
                                    str: "",
                                    start: 751,
                                    end: 751,
                                },
                                inner: [],
                            },
                        ],
                    },
                ],
            },
            Pair {
                rule: EOI,
                span: Span {
                    str: "",
                    start: 759,
                    end: 759,
                },
                inner: [],
            },
        ],
    },
]
