---
source: tests/snapshots.rs
---
[
    Pair {
        rule: file,
        span: Span {
            str: "VERSION \"\"\n\n\nNS_ : \n\tNS_DESC_\n\tCM_\n\tBA_DEF_\n\tBA_\n\tVAL_\n\tCAT_DEF_\n\tCAT_\n\tFILTER\n\tBA_DEF_DEF_\n\tEV_DATA_\n\tENVVAR_DATA_\n\tSGTYPE_\n\tSGTYPE_VAL_\n\tBA_DEF_SGTYPE_\n\tBA_SGTYPE_\n\tSIG_TYPE_REF_\n\tVAL_TABLE_\n\tSIG_GROUP_\n\tSIG_VALTYPE_\n\tSIGTYPE_VALTYPE_\n\tBO_TX_BU_\n\tBA_DEF_REL_\n\tBA_REL_\n\tBA_DEF_DEF_REL_\n\tBU_SG_REL_\n\tBU_EV_REL_\n\tBU_BO_REL_\n\tSG_MUL_VAL_\n\nBS_:\n\nBU_:\n\n\nBO_ 256 SomeFrame: 8 Vector__XXX\n SG_ SomeDifferentSig : 0|8@1- (1,0) [0|0] \"\" Vector__XXX\n\nBO_ 2620009002 SomeExtFrame: 8 Vector__XXX\n SG_ SomeSig : 0|8@1- (1,0) [0|0] \"\" Vector__XXX\n\n\n\nBA_DEF_  \"BusType\" STRING ;\nBA_DEF_DEF_  \"BusType\" \"\";\n\n",
            start: 0,
            end: 593,
        },
        inner: [
            Pair {
                rule: version,
                span: Span {
                    str: "VERSION \"\"\n",
                    start: 0,
                    end: 11,
                },
                inner: [
                    Pair {
                        rule: quoted_str,
                        span: Span {
                            str: "\"\"",
                            start: 8,
                            end: 10,
                        },
                        inner: [
                            Pair {
                                rule: string,
                                span: Span {
                                    str: "",
                                    start: 9,
                                    end: 9,
                                },
                                inner: [],
                            },
                        ],
                    },
                ],
            },
            Pair {
                rule: new_symbols,
                span: Span {
                    str: "NS_ : \n\tNS_DESC_\n\tCM_\n\tBA_DEF_\n\tBA_\n\tVAL_\n\tCAT_DEF_\n\tCAT_\n\tFILTER\n\tBA_DEF_DEF_\n\tEV_DATA_\n\tENVVAR_DATA_\n\tSGTYPE_\n\tSGTYPE_VAL_\n\tBA_DEF_SGTYPE_\n\tBA_SGTYPE_\n\tSIG_TYPE_REF_\n\tVAL_TABLE_\n\tSIG_GROUP_\n\tSIG_VALTYPE_\n\tSIGTYPE_VALTYPE_\n\tBO_TX_BU_\n\tBA_DEF_REL_\n\tBA_REL_\n\tBA_DEF_DEF_REL_\n\tBU_SG_REL_\n\tBU_EV_REL_\n\tBU_BO_REL_\n\tSG_MUL_VAL_\n\n",
                    start: 13,
                    end: 337,
                },
                inner: [
                    Pair {
                        rule: ident,
                        span: Span {
                            str: "NS_DESC_",
                            start: 21,
                            end: 29,
                        },
                        inner: [],
                    },
                    Pair {
                        rule: ident,
                        span: Span {
                            str: "CM_",
                            start: 31,
                            end: 34,
                        },
                        inner: [],
                    },
                    Pair {
                        rule: ident,
                        span: Span {
                            str: "BA_DEF_",
                            start: 36,
                            end: 43,
                        },
                        inner: [],
                    },
                    Pair {
                        rule: ident,
                        span: Span {
                            str: "BA_",
                            start: 45,
                            end: 48,
                        },
                        inner: [],
                    },
                    Pair {
                        rule: ident,
                        span: Span {
                            str: "VAL_",
                            start: 50,
                            end: 54,
                        },
                        inner: [],
                    },
                    Pair {
                        rule: ident,
                        span: Span {
                            str: "CAT_DEF_",
                            start: 56,
                            end: 64,
                        },
                        inner: [],
                    },
                    Pair {
                        rule: ident,
                        span: Span {
                            str: "CAT_",
                            start: 66,
                            end: 70,
                        },
                        inner: [],
                    },
                    Pair {
                        rule: ident,
                        span: Span {
                            str: "FILTER",
                            start: 72,
                            end: 78,
                        },
                        inner: [],
                    },
                    Pair {
                        rule: ident,
                        span: Span {
                            str: "BA_DEF_DEF_",
                            start: 80,
                            end: 91,
                        },
                        inner: [],
                    },
                    Pair {
                        rule: ident,
                        span: Span {
                            str: "EV_DATA_",
                            start: 93,
                            end: 101,
                        },
                        inner: [],
                    },
                    Pair {
                        rule: ident,
                        span: Span {
                            str: "ENVVAR_DATA_",
                            start: 103,
                            end: 115,
                        },
                        inner: [],
                    },
                    Pair {
                        rule: ident,
                        span: Span {
                            str: "SGTYPE_",
                            start: 117,
                            end: 124,
                        },
                        inner: [],
                    },
                    Pair {
                        rule: ident,
                        span: Span {
                            str: "SGTYPE_VAL_",
                            start: 126,
                            end: 137,
                        },
                        inner: [],
                    },
                    Pair {
                        rule: ident,
                        span: Span {
                            str: "BA_DEF_SGTYPE_",
                            start: 139,
                            end: 153,
                        },
                        inner: [],
                    },
                    Pair {
                        rule: ident,
                        span: Span {
                            str: "BA_SGTYPE_",
                            start: 155,
                            end: 165,
                        },
                        inner: [],
                    },
                    Pair {
                        rule: ident,
                        span: Span {
                            str: "SIG_TYPE_REF_",
                            start: 167,
                            end: 180,
                        },
                        inner: [],
                    },
                    Pair {
                        rule: ident,
                        span: Span {
                            str: "VAL_TABLE_",
                            start: 182,
                            end: 192,
                        },
                        inner: [],
                    },
                    Pair {
                        rule: ident,
                        span: Span {
                            str: "SIG_GROUP_",
                            start: 194,
                            end: 204,
                        },
                        inner: [],
                    },
                    Pair {
                        rule: ident,
                        span: Span {
                            str: "SIG_VALTYPE_",
                            start: 206,
                            end: 218,
                        },
                        inner: [],
                    },
                    Pair {
                        rule: ident,
                        span: Span {
                            str: "SIGTYPE_VALTYPE_",
                            start: 220,
                            end: 236,
                        },
                        inner: [],
                    },
                    Pair {
                        rule: ident,
                        span: Span {
                            str: "BO_TX_BU_",
                            start: 238,
                            end: 247,
                        },
                        inner: [],
                    },
                    Pair {
                        rule: ident,
                        span: Span {
                            str: "BA_DEF_REL_",
                            start: 249,
                            end: 260,
                        },
                        inner: [],
                    },
                    Pair {
                        rule: ident,
                        span: Span {
                            str: "BA_REL_",
                            start: 262,
                            end: 269,
                        },
                        inner: [],
                    },
                    Pair {
                        rule: ident,
                        span: Span {
                            str: "BA_DEF_DEF_REL_",
                            start: 271,
                            end: 286,
                        },
                        inner: [],
                    },
                    Pair {
                        rule: ident,
                        span: Span {
                            str: "BU_SG_REL_",
                            start: 288,
                            end: 298,
                        },
                        inner: [],
                    },
                    Pair {
                        rule: ident,
                        span: Span {
                            str: "BU_EV_REL_",
                            start: 300,
                            end: 310,
                        },
                        inner: [],
                    },
                    Pair {
                        rule: ident,
                        span: Span {
                            str: "BU_BO_REL_",
                            start: 312,
                            end: 322,
                        },
                        inner: [],
                    },
                    Pair {
                        rule: ident,
                        span: Span {
                            str: "SG_MUL_VAL_",
                            start: 324,
                            end: 335,
                        },
                        inner: [],
                    },
                ],
            },
            Pair {
                rule: bit_timing,
                span: Span {
                    str: "BS_:\n",
                    start: 337,
                    end: 342,
                },
                inner: [],
            },
            Pair {
                rule: nodes,
                span: Span {
                    str: "BU_:\n\n\n",
                    start: 343,
                    end: 350,
                },
                inner: [],
            },
            Pair {
                rule: message,
                span: Span {
                    str: "BO_ 256 SomeFrame: 8 Vector__XXX",
                    start: 350,
                    end: 382,
                },
                inner: [
                    Pair {
                        rule: msg_var,
                        span: Span {
                            str: "BO_ 256",
                            start: 350,
                            end: 357,
                        },
                        inner: [
                            Pair {
                                rule: message_id,
                                span: Span {
                                    str: "256",
                                    start: 354,
                                    end: 357,
                                },
                                inner: [],
                            },
                        ],
                    },
                    Pair {
                        rule: message_name,
                        span: Span {
                            str: "SomeFrame",
                            start: 358,
                            end: 367,
                        },
                        inner: [],
                    },
                    Pair {
                        rule: message_size,
                        span: Span {
                            str: "8",
                            start: 369,
                            end: 370,
                        },
                        inner: [],
                    },
                    Pair {
                        rule: transmitter,
                        span: Span {
                            str: "Vector__XXX",
                            start: 371,
                            end: 382,
                        },
                        inner: [],
                    },
                ],
            },
            Pair {
                rule: signal,
                span: Span {
                    str: "SG_ SomeDifferentSig : 0|8@1- (1,0) [0|0] \"\" Vector__XXX",
                    start: 384,
                    end: 440,
                },
                inner: [
                    Pair {
                        rule: signal_name,
                        span: Span {
                            str: "SomeDifferentSig",
                            start: 388,
                            end: 404,
                        },
                        inner: [],
                    },
                    Pair {
                        rule: start_bit,
                        span: Span {
                            str: "0",
                            start: 407,
                            end: 408,
                        },
                        inner: [],
                    },
                    Pair {
                        rule: signal_size,
                        span: Span {
                            str: "8",
                            start: 409,
                            end: 410,
                        },
                        inner: [],
                    },
                    Pair {
                        rule: little_endian,
                        span: Span {
                            str: "1",
                            start: 411,
                            end: 412,
                        },
                        inner: [],
                    },
                    Pair {
                        rule: signed_type,
                        span: Span {
                            str: "-",
                            start: 412,
                            end: 413,
                        },
                        inner: [],
                    },
                    Pair {
                        rule: factor,
                        span: Span {
                            str: "1",
                            start: 415,
                            end: 416,
                        },
                        inner: [],
                    },
                    Pair {
                        rule: offset,
                        span: Span {
                            str: "0",
                            start: 417,
                            end: 418,
                        },
                        inner: [],
                    },
                    Pair {
                        rule: min_max,
                        span: Span {
                            str: "[0|0]",
                            start: 420,
                            end: 425,
                        },
                        inner: [
                            Pair {
                                rule: minimum,
                                span: Span {
                                    str: "0",
                                    start: 421,
                                    end: 422,
                                },
                                inner: [],
                            },
                            Pair {
                                rule: maximum,
                                span: Span {
                                    str: "0",
                                    start: 423,
                                    end: 424,
                                },
                                inner: [],
                            },
                        ],
                    },
                    Pair {
                        rule: unit,
                        span: Span {
                            str: "\"\"",
                            start: 426,
                            end: 428,
                        },
                        inner: [
                            Pair {
                                rule: string,
                                span: Span {
                                    str: "",
                                    start: 427,
                                    end: 427,
                                },
                                inner: [],
                            },
                        ],
                    },
                    Pair {
                        rule: node_name,
                        span: Span {
                            str: "Vector__XXX",
                            start: 429,
                            end: 440,
                        },
                        inner: [],
                    },
                ],
            },
            Pair {
                rule: message,
                span: Span {
                    str: "BO_ 2620009002 SomeExtFrame: 8 Vector__XXX",
                    start: 442,
                    end: 484,
                },
                inner: [
                    Pair {
                        rule: msg_var,
                        span: Span {
                            str: "BO_ 2620009002",
                            start: 442,
                            end: 456,
                        },
                        inner: [
                            Pair {
                                rule: message_id,
                                span: Span {
                                    str: "2620009002",
                                    start: 446,
                                    end: 456,
                                },
                                inner: [],
                            },
                        ],
                    },
                    Pair {
                        rule: message_name,
                        span: Span {
                            str: "SomeExtFrame",
                            start: 457,
                            end: 469,
                        },
                        inner: [],
                    },
                    Pair {
                        rule: message_size,
                        span: Span {
                            str: "8",
                            start: 471,
                            end: 472,
                        },
                        inner: [],
                    },
                    Pair {
                        rule: transmitter,
                        span: Span {
                            str: "Vector__XXX",
                            start: 473,
                            end: 484,
                        },
                        inner: [],
                    },
                ],
            },
            Pair {
                rule: signal,
                span: Span {
                    str: "SG_ SomeSig : 0|8@1- (1,0) [0|0] \"\" Vector__XXX",
                    start: 486,
                    end: 533,
                },
                inner: [
                    Pair {
                        rule: signal_name,
                        span: Span {
                            str: "SomeSig",
                            start: 490,
                            end: 497,
                        },
                        inner: [],
                    },
                    Pair {
                        rule: start_bit,
                        span: Span {
                            str: "0",
                            start: 500,
                            end: 501,
                        },
                        inner: [],
                    },
                    Pair {
                        rule: signal_size,
                        span: Span {
                            str: "8",
                            start: 502,
                            end: 503,
                        },
                        inner: [],
                    },
                    Pair {
                        rule: little_endian,
                        span: Span {
                            str: "1",
                            start: 504,
                            end: 505,
                        },
                        inner: [],
                    },
                    Pair {
                        rule: signed_type,
                        span: Span {
                            str: "-",
                            start: 505,
                            end: 506,
                        },
                        inner: [],
                    },
                    Pair {
                        rule: factor,
                        span: Span {
                            str: "1",
                            start: 508,
                            end: 509,
                        },
                        inner: [],
                    },
                    Pair {
                        rule: offset,
                        span: Span {
                            str: "0",
                            start: 510,
                            end: 511,
                        },
                        inner: [],
                    },
                    Pair {
                        rule: min_max,
                        span: Span {
                            str: "[0|0]",
                            start: 513,
                            end: 518,
                        },
                        inner: [
                            Pair {
                                rule: minimum,
                                span: Span {
                                    str: "0",
                                    start: 514,
                                    end: 515,
                                },
                                inner: [],
                            },
                            Pair {
                                rule: maximum,
                                span: Span {
                                    str: "0",
                                    start: 516,
                                    end: 517,
                                },
                                inner: [],
                            },
                        ],
                    },
                    Pair {
                        rule: unit,
                        span: Span {
                            str: "\"\"",
                            start: 519,
                            end: 521,
                        },
                        inner: [
                            Pair {
                                rule: string,
                                span: Span {
                                    str: "",
                                    start: 520,
                                    end: 520,
                                },
                                inner: [],
                            },
                        ],
                    },
                    Pair {
                        rule: node_name,
                        span: Span {
                            str: "Vector__XXX",
                            start: 522,
                            end: 533,
                        },
                        inner: [],
                    },
                ],
            },
            Pair {
                rule: attr_def,
                span: Span {
                    str: "BA_DEF_  \"BusType\" STRING ;",
                    start: 537,
                    end: 564,
                },
                inner: [
                    Pair {
                        rule: attribute_name,
                        span: Span {
                            str: "\"BusType\"",
                            start: 546,
                            end: 555,
                        },
                        inner: [
                            Pair {
                                rule: string,
                                span: Span {
                                    str: "BusType",
                                    start: 547,
                                    end: 554,
                                },
                                inner: [],
                            },
                        ],
                    },
                    Pair {
                        rule: attribute_type_string,
                        span: Span {
                            str: "STRING",
                            start: 556,
                            end: 562,
                        },
                        inner: [],
                    },
                ],
            },
            Pair {
                rule: ba_def_def,
                span: Span {
                    str: "BA_DEF_DEF_  \"BusType\" \"\";",
                    start: 565,
                    end: 591,
                },
                inner: [
                    Pair {
                        rule: attribute_name,
                        span: Span {
                            str: "\"BusType\"",
                            start: 578,
                            end: 587,
                        },
                        inner: [
                            Pair {
                                rule: string,
                                span: Span {
                                    str: "BusType",
                                    start: 579,
                                    end: 586,
                                },
                                inner: [],
                            },
                        ],
                    },
                    Pair {
                        rule: num_str_value,
                        span: Span {
                            str: "\"\"",
                            start: 588,
                            end: 590,
                        },
                        inner: [
                            Pair {
                                rule: quoted_str,
                                span: Span {
                                    str: "\"\"",
                                    start: 588,
                                    end: 590,
                                },
                                inner: [
                                    Pair {
                                        rule: string,
                                        span: Span {
                                            str: "",
                                            start: 589,
                                            end: 589,
                                        },
                                        inner: [],
                                    },
                                ],
                            },
                        ],
                    },
                ],
            },
            Pair {
                rule: EOI,
                span: Span {
                    str: "",
                    start: 593,
                    end: 593,
                },
                inner: [],
            },
        ],
    },
]
